Archive member included to satisfy reference by file (symbol)

C:\Users\paulg\Downloads\bibliotheques_exemples_NXP_pour_LPC804_corriges\peripherals_lib\flash\libperipherals_lib.a(i2c.o)
                              ./src/lib_ENS_II1_lcd.o (I2CmasterWrite)
C:\Users\paulg\Downloads\bibliotheques_exemples_NXP_pour_LPC804_corriges\peripherals_lib\flash\libperipherals_lib.a(swm.o)
                              ./src/orgue.o (ConfigSWM)
c:/nxp/mcuxpressoide_11.4.1_6260/ide/plugins/com.nxp.mcuxpresso.tools.win32_11.4.0.202103011116/tools/bin/../lib/gcc/arm-none-eabi/10.2.1/../../../../arm-none-eabi/lib/thumb/v6-m/nofp\libcr_semihost.a(_cr__main.o)
                              ./src/MCUXpresso_cr_startup.o (__main)
c:/nxp/mcuxpressoide_11.4.1_6260/ide/plugins/com.nxp.mcuxpresso.tools.win32_11.4.0.202103011116/tools/bin/../lib/gcc/arm-none-eabi/10.2.1/../../../../arm-none-eabi/lib/thumb/v6-m/nofp\libcr_c.a(memset.o)
                              ./src/orgue.o (memset)
c:/nxp/mcuxpressoide_11.4.1_6260/ide/plugins/com.nxp.mcuxpresso.tools.win32_11.4.0.202103011116/tools/bin/../lib/gcc/arm-none-eabi/10.2.1/../../../../arm-none-eabi/lib/thumb/v6-m/nofp\libcr_c.a(initio.o)
                              c:/nxp/mcuxpressoide_11.4.1_6260/ide/plugins/com.nxp.mcuxpresso.tools.win32_11.4.0.202103011116/tools/bin/../lib/gcc/arm-none-eabi/10.2.1/../../../../arm-none-eabi/lib/thumb/v6-m/nofp\libcr_semihost.a(_cr__main.o) (_initio)
c:/nxp/mcuxpressoide_11.4.1_6260/ide/plugins/com.nxp.mcuxpresso.tools.win32_11.4.0.202103011116/tools/bin/../lib/gcc/arm-none-eabi/10.2.1/../../../../arm-none-eabi/lib/thumb/v6-m/nofp\libcr_c.a(pow.o)
                              ./src/orgue.o (pow)
c:/nxp/mcuxpressoide_11.4.1_6260/ide/plugins/com.nxp.mcuxpresso.tools.win32_11.4.0.202103011116/tools/bin/../lib/gcc/arm-none-eabi/10.2.1/../../../../arm-none-eabi/lib/thumb/v6-m/nofp\libcr_c.a(printf.o)
                              ./src/orgue.o (_sprintf)
c:/nxp/mcuxpressoide_11.4.1_6260/ide/plugins/com.nxp.mcuxpresso.tools.win32_11.4.0.202103011116/tools/bin/../lib/gcc/arm-none-eabi/10.2.1/../../../../arm-none-eabi/lib/thumb/v6-m/nofp\libcr_c.a(setvbuf.o)
                              c:/nxp/mcuxpressoide_11.4.1_6260/ide/plugins/com.nxp.mcuxpresso.tools.win32_11.4.0.202103011116/tools/bin/../lib/gcc/arm-none-eabi/10.2.1/../../../../arm-none-eabi/lib/thumb/v6-m/nofp\libcr_c.a(initio.o) (setvbuf)
c:/nxp/mcuxpressoide_11.4.1_6260/ide/plugins/com.nxp.mcuxpresso.tools.win32_11.4.0.202103011116/tools/bin/../lib/gcc/arm-none-eabi/10.2.1/../../../../arm-none-eabi/lib/thumb/v6-m/nofp\libcr_c.a(strlen.o)
                              c:/nxp/mcuxpressoide_11.4.1_6260/ide/plugins/com.nxp.mcuxpresso.tools.win32_11.4.0.202103011116/tools/bin/../lib/gcc/arm-none-eabi/10.2.1/../../../../arm-none-eabi/lib/thumb/v6-m/nofp\libcr_c.a(printf.o) (strlen)
c:/nxp/mcuxpressoide_11.4.1_6260/ide/plugins/com.nxp.mcuxpresso.tools.win32_11.4.0.202103011116/tools/bin/../lib/gcc/arm-none-eabi/10.2.1/../../../../arm-none-eabi/lib/thumb/v6-m/nofp\libcr_c.a(_deferredlazyseek.o)
                              c:/nxp/mcuxpressoide_11.4.1_6260/ide/plugins/com.nxp.mcuxpresso.tools.win32_11.4.0.202103011116/tools/bin/../lib/gcc/arm-none-eabi/10.2.1/../../../../arm-none-eabi/lib/thumb/v6-m/nofp\libcr_c.a(printf.o) (__flsbuf)
c:/nxp/mcuxpressoide_11.4.1_6260/ide/plugins/com.nxp.mcuxpresso.tools.win32_11.4.0.202103011116/tools/bin/../lib/gcc/arm-none-eabi/10.2.1/../../../../arm-none-eabi/lib/thumb/v6-m/nofp\libcr_c.a(_fdopen.o)
                              c:/nxp/mcuxpressoide_11.4.1_6260/ide/plugins/com.nxp.mcuxpresso.tools.win32_11.4.0.202103011116/tools/bin/../lib/gcc/arm-none-eabi/10.2.1/../../../../arm-none-eabi/lib/thumb/v6-m/nofp\libcr_c.a(initio.o) (_fdopen)
c:/nxp/mcuxpressoide_11.4.1_6260/ide/plugins/com.nxp.mcuxpresso.tools.win32_11.4.0.202103011116/tools/bin/../lib/gcc/arm-none-eabi/10.2.1/../../../../arm-none-eabi/lib/thumb/v6-m/nofp\libcr_c.a(_fflush.o)
                              c:/nxp/mcuxpressoide_11.4.1_6260/ide/plugins/com.nxp.mcuxpresso.tools.win32_11.4.0.202103011116/tools/bin/../lib/gcc/arm-none-eabi/10.2.1/../../../../arm-none-eabi/lib/thumb/v6-m/nofp\libcr_c.a(_deferredlazyseek.o) (_fflush)
c:/nxp/mcuxpressoide_11.4.1_6260/ide/plugins/com.nxp.mcuxpresso.tools.win32_11.4.0.202103011116/tools/bin/../lib/gcc/arm-none-eabi/10.2.1/../../../../arm-none-eabi/lib/thumb/v6-m/nofp\libcr_c.a(_writebuf.o)
                              c:/nxp/mcuxpressoide_11.4.1_6260/ide/plugins/com.nxp.mcuxpresso.tools.win32_11.4.0.202103011116/tools/bin/../lib/gcc/arm-none-eabi/10.2.1/../../../../arm-none-eabi/lib/thumb/v6-m/nofp\libcr_c.a(_deferredlazyseek.o) (_Cwritebuf)
c:/nxp/mcuxpressoide_11.4.1_6260/ide/plugins/com.nxp.mcuxpresso.tools.win32_11.4.0.202103011116/tools/bin/../lib/gcc/arm-none-eabi/10.2.1/../../../../arm-none-eabi/lib/thumb/v6-m/nofp\libcr_c.a(alloc.o)
[...]
Memory Configuration

Name             Origin             Length             Attributes
MFlash32         0x00000000         0x00007f80         xr
RamLoc4          0x10000000         0x00001000         xrw
*default*        0x00000000         0xffffffff

Linker script and memory map

LOAD ./src/MCUXpresso_cr_startup.o
LOAD ./src/MCUXpresso_crp.o
LOAD ./src/MCUXpresso_mtb.o
LOAD ./src/lib_ENS_II1_lcd.o
LOAD ./src/orgue.o
LOAD ./src/system.o
LOAD C:\Users\paulg\Downloads\bibliotheques_exemples_NXP_pour_LPC804_corriges\peripherals_lib\flash\libperipherals_lib.a
LOAD C:\Users\paulg\Downloads\bibliotheques_exemples_NXP_pour_LPC804_corriges\utilities_lib\flash\libutilities_lib.a
START GROUP
LOAD c:/nxp/mcuxpressoide_11.4.1_6260/ide/plugins/com.nxp.mcuxpresso.tools.win32_11.4.0.202103011116/tools/bin/../lib/gcc/arm-none-eabi/10.2.1/../../../../arm-none-eabi/lib/thumb/v6-m/nofp\libcr_semihost.a
LOAD c:/nxp/mcuxpressoide_11.4.1_6260/ide/plugins/com.nxp.mcuxpresso.tools.win32_11.4.0.202103011116/tools/bin/../lib/gcc/arm-none-eabi/10.2.1/../../../../arm-none-eabi/lib/thumb/v6-m/nofp\libcr_c.a
LOAD c:/nxp/mcuxpressoide_11.4.1_6260/ide/plugins/com.nxp.mcuxpresso.tools.win32_11.4.0.202103011116/tools/bin/../lib/gcc/arm-none-eabi/10.2.1/thumb/v6-m/nofp\libcr_eabihelpers.a
LOAD c:/nxp/mcuxpressoide_11.4.1_6260/ide/plugins/com.nxp.mcuxpresso.tools.win32_11.4.0.202103011116/tools/bin/../lib/gcc/arm-none-eabi/10.2.1/thumb/v6-m/nofp\libgcc.a
END GROUP
                0x00000000                __base_MFlash32 = 0x0
                0x00000000                __base_Flash = 0x0
                0x00007f80                __top_MFlash32 = 0x7f80
                0x00007f80                __top_Flash = 0x7f80
                0x10000000                __base_RamLoc4 = 0x10000000
                0x10000000                __base_RAM = 0x10000000
                0x10001000                __top_RamLoc4 = 0x10001000
                0x10001000                __top_RAM = 0x10001000

.text           0x00000000     0x3ca4
 FILL mask 0xff
                0x00000000                __vectors_start__ = ABSOLUTE (.)
 *(.isr_vector)
 .isr_vector    0x00000000       0xc0 ./src/MCUXpresso_cr_startup.o
                0x00000000                g_pfnVectors
                0x000000c0                . = ALIGN (0x4)
                0x000000c0                __section_table_start = .
                0x000000c0                __data_section_table = .
                0x000000c0        0x4 LONG 0x3ca4 LOADADDR (.data)
                0x000000c4        0x4 LONG 0x10000000 ADDR (.data)
                0x000000c8        0x4 LONG 0x0 SIZEOF (.data)
                0x000000cc                __data_section_table_end = .
                0x000000cc                __bss_section_table = .
                0x000000cc        0x4 LONG 0x10000000 ADDR (.bss)
                0x000000d0        0x4 LONG 0x1ec SIZEOF (.bss)
                0x000000d4                __bss_section_table_end = .
                0x000000d4                __section_table_end = .
 *(.after_vectors*)
 .after_vectors
                0x000000d4      0x11c ./src/MCUXpresso_cr_startup.o
                0x000000d4                data_init
                0x00000116                bss_init
                0x0000014c                ResetISR
                0x000001cc                NMI_Handler
                0x000001d2                HardFault_Handler
                0x000001d8                SVC_Handler
                0x000001de                PendSV_Handler
                0x000001e4                SysTick_Handler
                0x000001ea                PININT1_IRQHandler
                0x000001ea                PININT2_IRQHandler
                0x000001ea                I2C1_IRQHandler
                0x000001ea                UART1_IRQHandler
                0x000001ea                ADC_SEQB_IRQHandler
                0x000001ea                WKT_IRQHandler
                0x000001ea                I2C0_IRQHandler
                0x000001ea                IntDefaultHandler
                0x000001ea                ADC_OVR_IRQHandler
                0x000001ea                PININT7_IRQHandler
                0x000001ea                PININT3_IRQHandler
                0x000001ea                PININT5_IRQHandler
                0x000001ea                PININT4_IRQHandler
                0x000001ea                ADC_THCMP_IRQHandler
                0x000001ea                PININT0_IRQHandler
                0x000001ea                BOD_IRQHandler
                0x000001ea                WDT_IRQHandler
                0x000001ea                UART0_IRQHandler
                0x000001ea                ADC_SEQA_IRQHandler
                0x000001ea                DAC0_IRQHandler
                0x000001ea                PININT6_IRQHandler
                0x000001ea                SPI0_IRQHandler
                0x000001ea                CMP_IRQHandler
                0x000001ea                FLASH_IRQHandler
                0x000001ea                CTIMER0_IRQHandler
                0x000002fc                . = 0x2fc
 *fill*         0x000001f0      0x10c ff
                0x000002fc                PROVIDE (__CRP_WORD_START__ = .)
 *(.crp)
 .crp           0x000002fc        0x4 ./src/MCUXpresso_crp.o
                0x000002fc                CRP_WORD
                0x00000300                PROVIDE (__CRP_WORD_END__ = .)
                0x00000001                ASSERT (! ((__CRP_WORD_START__ == __CRP_WORD_END__)), Linker CRP Enabled, but no CRP_WORD provided within application)
 *(.text*)
 .text.init_lcd
                0x00000300      0x2bc ./src/lib_ENS_II1_lcd.o
                0x00000300                init_lcd
 .text.lcd_puts
                0x000005bc       0x64 ./src/lib_ENS_II1_lcd.o
                0x000005bc                lcd_puts
 .text.lcd_position
                0x00000620       0x84 ./src/lib_ENS_II1_lcd.o
                0x00000620                lcd_position
 .text.NVIC_EnableIRQ
                0x000006a4       0x2c ./src/orgue.o
 .text.lcd_clear
                0x000006d0       0x38 ./src/orgue.o
                0x000006d0                lcd_clear
 .text.MRT_IRQHandler
                0x00000708       0x30 ./src/orgue.o
                0x00000708                MRT_IRQHandler
 .text.main     0x00000738      0x9a4 ./src/orgue.o
                0x00000738                main
 .text.SystemInit
                0x000010dc       0x90 ./src/system.o
                0x000010dc                SystemInit
 .text.I2CmasterWrite
                0x0000116c       0x78 C:\Users\paulg\Downloads\bibliotheques_exemples_NXP_pour_LPC804_corriges\peripherals_lib\flash\libperipherals_lib.a(i2c.o)
                0x0000116c                I2CmasterWrite
 .text.WaitI2CMasterState
                0x000011e4       0x2e C:\Users\paulg\Downloads\bibliotheques_exemples_NXP_pour_LPC804_corriges\peripherals_lib\flash\libperipherals_lib.a(i2c.o)
                0x000011e4                WaitI2CMasterState
 *fill*         0x00001212        0x2 ff
 .text.ConfigSWM
                0x00001214       0x80 C:\Users\paulg\Downloads\bibliotheques_exemples_NXP_pour_LPC804_corriges\peripherals_lib\flash\libperipherals_lib.a(swm.o)
                0x00001214                ConfigSWM
 .text.__main   0x00001294        0xc c:/nxp/mcuxpressoide_11.4.1_6260/ide/plugins/com.nxp.mcuxpresso.tools.win32_11.4.0.202103011116/tools/bin/../lib/gcc/arm-none-eabi/10.2.1/../../../../arm-none-eabi/lib/thumb/v6-m/nofp\libcr_semihost.a(_cr__main.o)
                0x00001294                __CR_SEMIHOST
                0x00001294                __main
 .text.memset   0x000012a0        0x8 c:/nxp/mcuxpressoide_11.4.1_6260/ide/plugins/com.nxp.mcuxpresso.tools.win32_11.4.0.202103011116/tools/bin/../lib/gcc/arm-none-eabi/10.2.1/../../../../arm-none-eabi/lib/thumb/v6-m/nofp\libcr_c.a(memset.o)
                0x000012a0                memset
 .text._initio  0x000012a8       0x7c c:/nxp/mcuxpressoide_11.4.1_6260/ide/plugins/com.nxp.mcuxpresso.tools.win32_11.4.0.202103011116/tools/bin/../lib/gcc/arm-none-eabi/10.2.1/../../../../arm-none-eabi/lib/thumb/v6-m/nofp\libcr_c.a(initio.o)
                0x000012a8                _initio
 .text.pow      0x00001324      0x548 c:/nxp/mcuxpressoide_11.4.1_6260/ide/plugins/com.nxp.mcuxpresso.tools.win32_11.4.0.202103011116/tools/bin/../lib/gcc/arm-none-eabi/10.2.1/../../../../arm-none-eabi/lib/thumb/v6-m/nofp\libcr_c.a(pow.o)
                0x00001324                pow
 .text.no_fp_display
                0x0000186c        0x4 c:/nxp/mcuxpressoide_11.4.1_6260/ide/plugins/com.nxp.mcuxpresso.tools.win32_11.4.0.202103011116/tools/bin/../lib/gcc/arm-none-eabi/10.2.1/../../../../arm-none-eabi/lib/thumb/v6-m/nofp\libcr_c.a(printf.o)
 .text.__vfprintf
                0x00001870      0xd40 c:/nxp/mcuxpressoide_11.4.1_6260/ide/plugins/com.nxp.mcuxpresso.tools.win32_11.4.0.202103011116/tools/bin/../lib/gcc/arm-none-eabi/10.2.1/../../../../arm-none-eabi/lib/thumb/v6-m/nofp\libcr_c.a(printf.o)
                0x00001870                __vfprintf
 .text._sprintf
                0x000025b0       0x6c c:/nxp/mcuxpressoide_11.4.1_6260/ide/plugins/com.nxp.mcuxpresso.tools.win32_11.4.0.202103011116/tools/bin/../lib/gcc/arm-none-eabi/10.2.1/../../../../arm-none-eabi/lib/thumb/v6-m/nofp\libcr_c.a(printf.o)
                0x000025b0                _sprintf
 .text.setvbuf  0x0000261c       0x4c c:/nxp/mcuxpressoide_11.4.1_6260/ide/plugins/com.nxp.mcuxpresso.tools.win32_11.4.0.202103011116/tools/bin/../lib/gcc/arm-none-eabi/10.2.1/../../../../arm-none-eabi/lib/thumb/v6-m/nofp\libcr_c.a(setvbuf.o)
                0x0000261c                setvbuf
 .text.strlen   0x00002668       0x58 c:/nxp/mcuxpressoide_11.4.1_6260/ide/plugins/com.nxp.mcuxpresso.tools.win32_11.4.0.202103011116/tools/bin/../lib/gcc/arm-none-eabi/10.2.1/../../../../arm-none-eabi/lib/thumb/v6-m/nofp\libcr_c.a(strlen.o)
                0x00002668                strlen
 .text._deferredlazyseek
                0x000026c0       0x40 c:/nxp/mcuxpressoide_11.4.1_6260/ide/plugins/com.nxp.mcuxpresso.tools.win32_11.4.0.202103011116/tools/bin/../lib/gcc/arm-none-eabi/10.2.1/../../../../arm-none-eabi/lib/thumb/v6-m/nofp\libcr_c.a(_deferredlazyseek.o)
                0x000026c0                _deferredlazyseek
 .text.__flsbuf
                0x00002700      0x150 c:/nxp/mcuxpressoide_11.4.1_6260/ide/plugins/com.nxp.mcuxpresso.tools.win32_11.4.0.202103011116/tools/bin/../lib/gcc/arm-none-eabi/10.2.1/../../../../arm-none-eabi/lib/thumb/v6-m/nofp\libcr_c.a(_deferredlazyseek.o)
                0x00002700                __flsbuf
 .text._fdopen  0x00002850       0x74 c:/nxp/mcuxpressoide_11.4.1_6260/ide/plugins/com.nxp.mcuxpresso.tools.win32_11.4.0.202103011116/tools/bin/../lib/gcc/arm-none-eabi/10.2.1/../../../../arm-none-eabi/lib/thumb/v6-m/nofp\libcr_c.a(_fdopen.o)
                0x00002850                _fdopen
 .text._fflush  0x000028c4       0x60 c:/nxp/mcuxpressoide_11.4.1_6260/ide/plugins/com.nxp.mcuxpresso.tools.win32_11.4.0.202103011116/tools/bin/../lib/gcc/arm-none-eabi/10.2.1/../../../../arm-none-eabi/lib/thumb/v6-m/nofp\libcr_c.a(_fflush.o)
                0x000028c4                _fflush
 .text._Cwritebuf
                0x00002924       0x68 c:/nxp/mcuxpressoide_11.4.1_6260/ide/plugins/com.nxp.mcuxpresso.tools.win32_11.4.0.202103011116/tools/bin/../lib/gcc/arm-none-eabi/10.2.1/../../../../arm-none-eabi/lib/thumb/v6-m/nofp\libcr_c.a(_writebuf.o)
                0x00002924                _Cwritebuf
 .text.malloc   0x0000298c       0xd0 c:/nxp/mcuxpressoide_11.4.1_6260/ide/plugins/com.nxp.mcuxpresso.tools.win32_11.4.0.202103011116/tools/bin/../lib/gcc/arm-none-eabi/10.2.1/../../../../arm-none-eabi/lib/thumb/v6-m/nofp\libcr_c.a(alloc.o)
                0x0000298c                malloc
 .text.free     0x00002a5c       0x2c c:/nxp/mcuxpressoide_11.4.1_6260/ide/plugins/com.nxp.mcuxpresso.tools.win32_11.4.0.202103011116/tools/bin/../lib/gcc/arm-none-eabi/10.2.1/../../../../arm-none-eabi/lib/thumb/v6-m/nofp\libcr_c.a(alloc.o)
                0x00002a5c                free
 .text._Csys_alloc
                0x00002a88       0x20 c:/nxp/mcuxpressoide_11.4.1_6260/ide/plugins/com.nxp.mcuxpresso.tools.win32_11.4.0.202103011116/tools/bin/../lib/gcc/arm-none-eabi/10.2.1/../../../../arm-none-eabi/lib/thumb/v6-m/nofp\libcr_c.a(alloc.o)
                0x00002a88                _Csys_alloc
 .text.fclose   0x00002aa8       0x5c c:/nxp/mcuxpressoide_11.4.1_6260/ide/plugins/com.nxp.mcuxpresso.tools.win32_11.4.0.202103011116/tools/bin/../lib/gcc/arm-none-eabi/10.2.1/../../../../arm-none-eabi/lib/thumb/v6-m/nofp\libcr_c.a(fclose.o)
                0x00002aa8                fclose
 .text.fflush   0x00002b04       0x44 c:/nxp/mcuxpressoide_11.4.1_6260/ide/plugins/com.nxp.mcuxpresso.tools.win32_11.4.0.202103011116/tools/bin/../lib/gcc/arm-none-eabi/10.2.1/../../../../arm-none-eabi/lib/thumb/v6-m/nofp\libcr_c.a(fflush.o)
                0x00002b04                fflush
 .text.frexp    0x00002b48       0x80 c:/nxp/mcuxpressoide_11.4.1_6260/ide/plugins/com.nxp.mcuxpresso.tools.win32_11.4.0.202103011116/tools/bin/../lib/gcc/arm-none-eabi/10.2.1/../../../../arm-none-eabi/lib/thumb/v6-m/nofp\libcr_c.a(frexp.o)
                0x00002b48                frexp
 .text.fseek    0x00002bc8       0xf0 c:/nxp/mcuxpressoide_11.4.1_6260/ide/plugins/com.nxp.mcuxpresso.tools.win32_11.4.0.202103011116/tools/bin/../lib/gcc/arm-none-eabi/10.2.1/../../../../arm-none-eabi/lib/thumb/v6-m/nofp\libcr_c.a(fseek.o)
                0x00002bc8                fseek
 .text.ftell    0x00002cb8       0x48 c:/nxp/mcuxpressoide_11.4.1_6260/ide/plugins/com.nxp.mcuxpresso.tools.win32_11.4.0.202103011116/tools/bin/../lib/gcc/arm-none-eabi/10.2.1/../../../../arm-none-eabi/lib/thumb/v6-m/nofp\libcr_c.a(ftell.o)
                0x00002cb8                ftell
 .text.ldexp    0x00002d00       0x58 c:/nxp/mcuxpressoide_11.4.1_6260/ide/plugins/com.nxp.mcuxpresso.tools.win32_11.4.0.202103011116/tools/bin/../lib/gcc/arm-none-eabi/10.2.1/../../../../arm-none-eabi/lib/thumb/v6-m/nofp\libcr_c.a(ldexp.o)
                0x00002d00                ldexp
 .text.remove   0x00002d58       0x12 c:/nxp/mcuxpressoide_11.4.1_6260/ide/plugins/com.nxp.mcuxpresso.tools.win32_11.4.0.202103011116/tools/bin/../lib/gcc/arm-none-eabi/10.2.1/../../../../arm-none-eabi/lib/thumb/v6-m/nofp\libcr_c.a(remove.o)
                0x00002d58                remove
 *fill*         0x00002d6a        0x2 ff
 .text._sbrk    0x00002d6c       0x44 c:/nxp/mcuxpressoide_11.4.1_6260/ide/plugins/com.nxp.mcuxpresso.tools.win32_11.4.0.202103011116/tools/bin/../lib/gcc/arm-none-eabi/10.2.1/../../../../arm-none-eabi/lib/thumb/v6-m/nofp\libcr_c.a(_cr_sbrk.o)
                0x00002d6c                _sbrk
 .text._do_fflush
                0x00002db0       0x48 c:/nxp/mcuxpressoide_11.4.1_6260/ide/plugins/com.nxp.mcuxpresso.tools.win32_11.4.0.202103011116/tools/bin/../lib/gcc/arm-none-eabi/10.2.1/../../../../arm-none-eabi/lib/thumb/v6-m/nofp\libcr_c.a(_do_fflush.o)
                0x00002db0                _do_fflush
 .text.__check_heap_overflow
                0x00002df8       0x18 c:/nxp/mcuxpressoide_11.4.1_6260/ide/plugins/com.nxp.mcuxpresso.tools.win32_11.4.0.202103011116/tools/bin/../lib/gcc/arm-none-eabi/10.2.1/../../../../arm-none-eabi/lib/thumb/v6-m/nofp\libcr_c.a(_cr_check_heap.o)
                0x00002df8                __check_heap_overflow
 .text.__aeabi_dmul
                0x00002e10      0x184 c:/nxp/mcuxpressoide_11.4.1_6260/ide/plugins/com.nxp.mcuxpresso.tools.win32_11.4.0.202103011116/tools/bin/../lib/gcc/arm-none-eabi/10.2.1/thumb/v6-m/nofp\libcr_eabihelpers.a(double.o)
                0x00002e10                __aeabi_dmul
 .text.__aeabi_ddiv
                0x00002f94      0x14c c:/nxp/mcuxpressoide_11.4.1_6260/ide/plugins/com.nxp.mcuxpresso.tools.win32_11.4.0.202103011116/tools/bin/../lib/gcc/arm-none-eabi/10.2.1/thumb/v6-m/nofp\libcr_eabihelpers.a(double.o)
                0x00002f94                __aeabi_ddiv
 .text.__aeabi_dsub
                0x000030e0      0x1c0 c:/nxp/mcuxpressoide_11.4.1_6260/ide/plugins/com.nxp.mcuxpresso.tools.win32_11.4.0.202103011116/tools/bin/../lib/gcc/arm-none-eabi/10.2.1/thumb/v6-m/nofp\libcr_eabihelpers.a(double.o)
                0x000030e0                __aeabi_dsub
 .text.__aeabi_dadd
                0x000032a0      0x134 c:/nxp/mcuxpressoide_11.4.1_6260/ide/plugins/com.nxp.mcuxpresso.tools.win32_11.4.0.202103011116/tools/bin/../lib/gcc/arm-none-eabi/10.2.1/thumb/v6-m/nofp\libcr_eabihelpers.a(double.o)
                0x000032a0                __aeabi_dadd
 .text.__aeabi_d2f
                0x000033d4       0x60 c:/nxp/mcuxpressoide_11.4.1_6260/ide/plugins/com.nxp.mcuxpresso.tools.win32_11.4.0.202103011116/tools/bin/../lib/gcc/arm-none-eabi/10.2.1/thumb/v6-m/nofp\libcr_eabihelpers.a(double.o)
                0x000033d4                __aeabi_d2f
 .text.__aeabi_d2iz
                0x00003434       0x50 c:/nxp/mcuxpressoide_11.4.1_6260/ide/plugins/com.nxp.mcuxpresso.tools.win32_11.4.0.202103011116/tools/bin/../lib/gcc/arm-none-eabi/10.2.1/thumb/v6-m/nofp\libcr_eabihelpers.a(double.o)
                0x00003434                __aeabi_d2iz
 .text.__aeabi_d2uiz
                0x00003484       0x38 c:/nxp/mcuxpressoide_11.4.1_6260/ide/plugins/com.nxp.mcuxpresso.tools.win32_11.4.0.202103011116/tools/bin/../lib/gcc/arm-none-eabi/10.2.1/thumb/v6-m/nofp\libcr_eabihelpers.a(double.o)
                0x00003484                __aeabi_d2uiz
 .text.__bhs_ui2d
                0x000034bc       0x5e c:/nxp/mcuxpressoide_11.4.1_6260/ide/plugins/com.nxp.mcuxpresso.tools.win32_11.4.0.202103011116/tools/bin/../lib/gcc/arm-none-eabi/10.2.1/thumb/v6-m/nofp\libcr_eabihelpers.a(double.o)
                0x000034bc                __bhs_ui2d
 .text.__aeabi_i2d
                0x0000351a       0x18 c:/nxp/mcuxpressoide_11.4.1_6260/ide/plugins/com.nxp.mcuxpresso.tools.win32_11.4.0.202103011116/tools/bin/../lib/gcc/arm-none-eabi/10.2.1/thumb/v6-m/nofp\libcr_eabihelpers.a(double.o)
                0x0000351a                __aeabi_i2d
 *fill*         0x00003532        0x2 ff
 .text.__aeabi_dcmpeq
                0x00003534       0x30 c:/nxp/mcuxpressoide_11.4.1_6260/ide/plugins/com.nxp.mcuxpresso.tools.win32_11.4.0.202103011116/tools/bin/../lib/gcc/arm-none-eabi/10.2.1/thumb/v6-m/nofp\libcr_eabihelpers.a(double.o)
                0x00003534                __aeabi_dcmpeq
 .text.__aeabi_dcmplt
                0x00003564       0x60 c:/nxp/mcuxpressoide_11.4.1_6260/ide/plugins/com.nxp.mcuxpresso.tools.win32_11.4.0.202103011116/tools/bin/../lib/gcc/arm-none-eabi/10.2.1/thumb/v6-m/nofp\libcr_eabihelpers.a(double.o)
                0x00003564                __aeabi_dcmplt
 .text.__aeabi_dcmpgt
                0x000035c4       0x5c c:/nxp/mcuxpressoide_11.4.1_6260/ide/plugins/com.nxp.mcuxpresso.tools.win32_11.4.0.202103011116/tools/bin/../lib/gcc/arm-none-eabi/10.2.1/thumb/v6-m/nofp\libcr_eabihelpers.a(double.o)
                0x000035c4                __aeabi_dcmpgt
 .text.__aeabi_dcmple
                0x00003620       0x5c c:/nxp/mcuxpressoide_11.4.1_6260/ide/plugins/com.nxp.mcuxpresso.tools.win32_11.4.0.202103011116/tools/bin/../lib/gcc/arm-none-eabi/10.2.1/thumb/v6-m/nofp\libcr_eabihelpers.a(double.o)
                0x00003620                __aeabi_dcmple
 .text.__aeabi_dcmpge
                0x0000367c       0x5c c:/nxp/mcuxpressoide_11.4.1_6260/ide/plugins/com.nxp.mcuxpresso.tools.win32_11.4.0.202103011116/tools/bin/../lib/gcc/arm-none-eabi/10.2.1/thumb/v6-m/nofp\libcr_eabihelpers.a(double.o)
                0x0000367c                __aeabi_dcmpge
 .text.__aeabi_fdiv
                0x000036d8       0xe8 c:/nxp/mcuxpressoide_11.4.1_6260/ide/plugins/com.nxp.mcuxpresso.tools.win32_11.4.0.202103011116/tools/bin/../lib/gcc/arm-none-eabi/10.2.1/thumb/v6-m/nofp\libcr_eabihelpers.a(float.o)
                0x000036d8                __aeabi_fdiv
 .text.__aeabi_f2iz
                0x000037c0       0x3c c:/nxp/mcuxpressoide_11.4.1_6260/ide/plugins/com.nxp.mcuxpresso.tools.win32_11.4.0.202103011116/tools/bin/../lib/gcc/arm-none-eabi/10.2.1/thumb/v6-m/nofp\libcr_eabihelpers.a(float.o)
                0x000037c0                __aeabi_f2iz
 .text.__aeabi_f2uiz
                0x000037fc       0x2a c:/nxp/mcuxpressoide_11.4.1_6260/ide/plugins/com.nxp.mcuxpresso.tools.win32_11.4.0.202103011116/tools/bin/../lib/gcc/arm-none-eabi/10.2.1/thumb/v6-m/nofp\libcr_eabihelpers.a(float.o)
                0x000037fc                __aeabi_f2uiz
 .text.__bhs_ui2f
                0x00003826       0x60 c:/nxp/mcuxpressoide_11.4.1_6260/ide/plugins/com.nxp.mcuxpresso.tools.win32_11.4.0.202103011116/tools/bin/../lib/gcc/arm-none-eabi/10.2.1/thumb/v6-m/nofp\libcr_eabihelpers.a(float.o)
                0x00003826                __bhs_ui2f
 .text.__aeabi_i2f
                0x00003886       0x18 c:/nxp/mcuxpressoide_11.4.1_6260/ide/plugins/com.nxp.mcuxpresso.tools.win32_11.4.0.202103011116/tools/bin/../lib/gcc/arm-none-eabi/10.2.1/thumb/v6-m/nofp\libcr_eabihelpers.a(float.o)
                0x00003886                __aeabi_i2f
 *fill*         0x0000389e        0x2 ff
 .text.__aeabi_f2d
                0x000038a0       0x40 c:/nxp/mcuxpressoide_11.4.1_6260/ide/plugins/com.nxp.mcuxpresso.tools.win32_11.4.0.202103011116/tools/bin/../lib/gcc/arm-none-eabi/10.2.1/thumb/v6-m/nofp\libcr_eabihelpers.a(float.o)
                0x000038a0                __aeabi_f2d
 .text.__aeabi_llong_lmul
                0x000038e0       0x2e c:/nxp/mcuxpressoide_11.4.1_6260/ide/plugins/com.nxp.mcuxpresso.tools.win32_11.4.0.202103011116/tools/bin/../lib/gcc/arm-none-eabi/10.2.1/thumb/v6-m/nofp\libcr_eabihelpers.a(llong.o)
                0x000038e0                __aeabi_lmul
 .text.__aeabi_memset_lowlevel
                0x0000390e       0x2a c:/nxp/mcuxpressoide_11.4.1_6260/ide/plugins/com.nxp.mcuxpresso.tools.win32_11.4.0.202103011116/tools/bin/../lib/gcc/arm-none-eabi/10.2.1/thumb/v6-m/nofp\libcr_eabihelpers.a(memcpy.o)
                0x0000390e                __aeabi_lowlevel_memset
 .text.__gnu_thumb1_case_shi
                0x00003938       0x10 c:/nxp/mcuxpressoide_11.4.1_6260/ide/plugins/com.nxp.mcuxpresso.tools.win32_11.4.0.202103011116/tools/bin/../lib/gcc/arm-none-eabi/10.2.1/thumb/v6-m/nofp\libcr_eabihelpers.a(thumb1_switch_helpers.o)
                0x00003938                __gnu_thumb1_case_shi
 .text.__sys_appexit
                0x00003948        0xc c:/nxp/mcuxpressoide_11.4.1_6260/ide/plugins/com.nxp.mcuxpresso.tools.win32_11.4.0.202103011116/tools/bin/../lib/gcc/arm-none-eabi/10.2.1/../../../../arm-none-eabi/lib/thumb/v6-m/nofp\libcr_semihost.a(__sys_appexit.o)
                0x00003948                __sys_appexit
                0x00003948                __exit
 .text.__sys_close
                0x00003954        0xc c:/nxp/mcuxpressoide_11.4.1_6260/ide/plugins/com.nxp.mcuxpresso.tools.win32_11.4.0.202103011116/tools/bin/../lib/gcc/arm-none-eabi/10.2.1/../../../../arm-none-eabi/lib/thumb/v6-m/nofp\libcr_semihost.a(__sys_close.o)
                0x00003954                __sys_close
 .text.__sys_flen
                0x00003960        0xc c:/nxp/mcuxpressoide_11.4.1_6260/ide/plugins/com.nxp.mcuxpresso.tools.win32_11.4.0.202103011116/tools/bin/../lib/gcc/arm-none-eabi/10.2.1/../../../../arm-none-eabi/lib/thumb/v6-m/nofp\libcr_semihost.a(__sys_flen.o)
                0x00003960                __sys_flen
 .text.__sys_istty
                0x0000396c        0xc c:/nxp/mcuxpressoide_11.4.1_6260/ide/plugins/com.nxp.mcuxpresso.tools.win32_11.4.0.202103011116/tools/bin/../lib/gcc/arm-none-eabi/10.2.1/../../../../arm-none-eabi/lib/thumb/v6-m/nofp\libcr_semihost.a(__sys_istty.o)
                0x0000396c                __sys_istty
 .text.__sys_remove
                0x00003978        0xc c:/nxp/mcuxpressoide_11.4.1_6260/ide/plugins/com.nxp.mcuxpresso.tools.win32_11.4.0.202103011116/tools/bin/../lib/gcc/arm-none-eabi/10.2.1/../../../../arm-none-eabi/lib/thumb/v6-m/nofp\libcr_semihost.a(__sys_remove.o)
                0x00003978                __sys_remove
 .text.__sys_seek
                0x00003984        0xc c:/nxp/mcuxpressoide_11.4.1_6260/ide/plugins/com.nxp.mcuxpresso.tools.win32_11.4.0.202103011116/tools/bin/../lib/gcc/arm-none-eabi/10.2.1/../../../../arm-none-eabi/lib/thumb/v6-m/nofp\libcr_semihost.a(__sys_seek.o)
                0x00003984                __sys_seek
 .text.__sys_tmpnam
                0x00003990        0xc c:/nxp/mcuxpressoide_11.4.1_6260/ide/plugins/com.nxp.mcuxpresso.tools.win32_11.4.0.202103011116/tools/bin/../lib/gcc/arm-none-eabi/10.2.1/../../../../arm-none-eabi/lib/thumb/v6-m/nofp\libcr_semihost.a(__sys_tmpnam.o)
                0x00003990                __sys_tmpnam
 .text.__sys_write
                0x0000399c        0xc c:/nxp/mcuxpressoide_11.4.1_6260/ide/plugins/com.nxp.mcuxpresso.tools.win32_11.4.0.202103011116/tools/bin/../lib/gcc/arm-none-eabi/10.2.1/../../../../arm-none-eabi/lib/thumb/v6-m/nofp\libcr_semihost.a(__sys_write.o)
                0x0000399c                __sys_write
 *(.rodata .rodata.* .constdata .constdata.*)
 .rodata.lcd_clear.str1.4
                0x000039a8       0x11 ./src/orgue.o
 *fill*         0x000039b9        0x3 ff
 .rodata.main.str1.4
                0x000039bc       0x8a ./src/orgue.o
 *fill*         0x00003a46        0x2 ff
 .rodata        0x00003a48       0x14 ./src/orgue.o
 .rodata.main   0x00003a5c      0x128 ./src/orgue.o
 .rodata._initio.str1.1
                0x00003b84        0x4 c:/nxp/mcuxpressoide_11.4.1_6260/ide/plugins/com.nxp.mcuxpresso.tools.win32_11.4.0.202103011116/tools/bin/../lib/gcc/arm-none-eabi/10.2.1/../../../../arm-none-eabi/lib/thumb/v6-m/nofp\libcr_c.a(initio.o)
 .rodata.a1.1   0x00003b88       0x88 c:/nxp/mcuxpressoide_11.4.1_6260/ide/plugins/com.nxp.mcuxpresso.tools.win32_11.4.0.202103011116/tools/bin/../lib/gcc/arm-none-eabi/10.2.1/../../../../arm-none-eabi/lib/thumb/v6-m/nofp\libcr_c.a(pow.o)
 .rodata.a2.0   0x00003c10       0x40 c:/nxp/mcuxpressoide_11.4.1_6260/ide/plugins/com.nxp.mcuxpresso.tools.win32_11.4.0.202103011116/tools/bin/../lib/gcc/arm-none-eabi/10.2.1/../../../../arm-none-eabi/lib/thumb/v6-m/nofp\libcr_c.a(pow.o)
 .rodata.__vfprintf.str1.1
                0x00003c50       0x37 c:/nxp/mcuxpressoide_11.4.1_6260/ide/plugins/com.nxp.mcuxpresso.tools.win32_11.4.0.202103011116/tools/bin/../lib/gcc/arm-none-eabi/10.2.1/../../../../arm-none-eabi/lib/thumb/v6-m/nofp\libcr_c.a(printf.o)
                                 0x38 (size before relaxing)
 .rodata._Csys_alloc.str1.1
                0x00003c87       0x18 c:/nxp/mcuxpressoide_11.4.1_6260/ide/plugins/com.nxp.mcuxpresso.tools.win32_11.4.0.202103011116/tools/bin/../lib/gcc/arm-none-eabi/10.2.1/../../../../arm-none-eabi/lib/thumb/v6-m/nofp\libcr_c.a(alloc.o)
 *fill*         0x00003c9f        0x1 ff
 .rodata.__num_Ciob_streams
                0x00003ca0        0x4 c:/nxp/mcuxpressoide_11.4.1_6260/ide/plugins/com.nxp.mcuxpresso.tools.win32_11.4.0.202103011116/tools/bin/../lib/gcc/arm-none-eabi/10.2.1/../../../../arm-none-eabi/lib/thumb/v6-m/nofp\libcr_semihost.a(__ciob.o)
                0x00003ca0                __num_Ciob_streams
                0x00003ca4                . = ALIGN (0x4)

.glue_7         0x00003ca4        0x0
 .glue_7        0x00003ca4        0x0 linker stubs

.glue_7t        0x00003ca4        0x0
 .glue_7t       0x00003ca4        0x0 linker stubs

.vfp11_veneer   0x00003ca4        0x0
 .vfp11_veneer  0x00003ca4        0x0 linker stubs

.v4_bx          0x00003ca4        0x0
 .v4_bx         0x00003ca4        0x0 linker stubs

.iplt           0x00003ca4        0x0
 .iplt          0x00003ca4        0x0 ./src/MCUXpresso_cr_startup.o

.rel.dyn        0x00003ca4        0x0
 .rel.iplt      0x00003ca4        0x0 ./src/MCUXpresso_cr_startup.o

.ARM.extab
 *(.ARM.extab* .gnu.linkonce.armextab.*)

.ARM.exidx      0x00003ca4        0x0
                0x00003ca4                __exidx_start = .
 *(.ARM.exidx* .gnu.linkonce.armexidx.*)
                0x00003ca4                __exidx_end = .
                0x00003ca4                _etext = .

.uninit_RESERVED
                0x10000000        0x0
                0x10000000                _start_uninit_RESERVED = .
 *(.bss.$RESERVED*)
                0x10000000                . = ALIGN (0x4)
                0x10000000                _end_uninit_RESERVED = .

.data           0x10000000        0x0 load address 0x00003ca4
 FILL mask 0xff
                0x10000000                _data = .
                [!provide]                PROVIDE (__start_data_RAM = .)
                [!provide]                PROVIDE (__start_data_RamLoc4 = .)
 *(vtable)
 *(.ramfunc*)
 *(CodeQuickAccess)
 *(DataQuickAccess)
 *(RamFunction)
 *(.data*)
                0x10000000                . = ALIGN (0x4)
                0x10000000                _edata = .
                [!provide]                PROVIDE (__end_data_RAM = .)
                [!provide]                PROVIDE (__end_data_RamLoc4 = .)

.igot.plt       0x10000000        0x0 load address 0x00003ca4
 .igot.plt      0x10000000        0x0 ./src/MCUXpresso_cr_startup.o

.bss            0x10000000      0x1ec
                0x10000000                _bss = .
                [!provide]                PROVIDE (__start_bss_RAM = .)
                [!provide]                PROVIDE (__start_bss_RamLoc4 = .)
 *(.bss*)
 .bss.errno     0x10000000        0x4 c:/nxp/mcuxpressoide_11.4.1_6260/ide/plugins/com.nxp.mcuxpresso.tools.win32_11.4.0.202103011116/tools/bin/../lib/gcc/arm-none-eabi/10.2.1/../../../../arm-none-eabi/lib/thumb/v6-m/nofp\libcr_c.a(errno.o)
                0x10000000                errno
 .bss.__end_of_heap
                0x10000004        0x4 c:/nxp/mcuxpressoide_11.4.1_6260/ide/plugins/com.nxp.mcuxpresso.tools.win32_11.4.0.202103011116/tools/bin/../lib/gcc/arm-none-eabi/10.2.1/../../../../arm-none-eabi/lib/thumb/v6-m/nofp\libcr_c.a(__init_alloc.o)
                0x10000004                __end_of_heap
 .bss.__heaps   0x10000008        0x4 c:/nxp/mcuxpressoide_11.4.1_6260/ide/plugins/com.nxp.mcuxpresso.tools.win32_11.4.0.202103011116/tools/bin/../lib/gcc/arm-none-eabi/10.2.1/../../../../arm-none-eabi/lib/thumb/v6-m/nofp\libcr_c.a(__init_alloc.o)
                0x10000008                __heaps
 .bss.__Ciob    0x1000000c      0x1e0 c:/nxp/mcuxpressoide_11.4.1_6260/ide/plugins/com.nxp.mcuxpresso.tools.win32_11.4.0.202103011116/tools/bin/../lib/gcc/arm-none-eabi/10.2.1/../../../../arm-none-eabi/lib/thumb/v6-m/nofp\libcr_semihost.a(__ciob.o)
                0x1000000c                __Ciob
 *(COMMON)
                0x100001ec                . = ALIGN (0x4)
                0x100001ec                _ebss = .
                [!provide]                PROVIDE (__end_bss_RAM = .)
                [!provide]                PROVIDE (__end_bss_RamLoc4 = .)
                [!provide]                PROVIDE (end = .)

.noinit         0x100001ec        0x0
                0x100001ec                _noinit = .
                [!provide]                PROVIDE (__start_noinit_RAM = .)
                [!provide]                PROVIDE (__start_noinit_RamLoc4 = .)
 *(.noinit*)
                0x100001ec                . = ALIGN (0x4)
                0x100001ec                _end_noinit = .
                [!provide]                PROVIDE (__end_noinit_RAM = .)
                [!provide]                PROVIDE (__end_noinit_RamLoc4 = .)
                0x100001ec                PROVIDE (_pvHeapStart = DEFINED (__user_heap_base)?__user_heap_base:.)
                0x10001000                PROVIDE (_vStackTop = DEFINED (__user_stack_top)?__user_stack_top:(__top_RamLoc4 - 0x0))
                0xefffeb13                PROVIDE (__valid_user_code_checksum = (0x0 - (((_vStackTop + (ResetISR + 0x1)) + (DEFINED (NMI_Handler)?NMI_Handler:M0_NMI_Handler + 0x1)) + (DEFINED (HardFault_Handler)?HardFault_Handler:M0_HardFault_Handler + 0x1))))
                0x00000000                _image_start = LOADADDR (.text)
                0x00003ca4                _image_end = (LOADADDR (.data) + SIZEOF (.data))
                0x00003ca4                _image_size = (_image_end - _image_start)
OUTPUT(orgue.axf elf32-littlearm)
LOAD linker stubs

.debug_info     0x00000000     0x31a4
 .debug_info    0x00000000      0x232 ./src/MCUXpresso_cr_startup.o
 .debug_info    0x00000232       0x40 ./src/MCUXpresso_crp.o
 .debug_info    0x00000272      0xbe6 ./src/lib_ENS_II1_lcd.o
 .debug_info    0x00000e58     0x146c ./src/orgue.o
 .debug_info    0x000022c4      0x8a1 ./src/system.o
 .debug_info    0x00002b65      0x39c C:\Users\paulg\Downloads\bibliotheques_exemples_NXP_pour_LPC804_corriges\peripherals_lib\flash\libperipherals_lib.a(i2c.o)
 .debug_info    0x00002f01      0x2a3 C:\Users\paulg\Downloads\bibliotheques_exemples_NXP_pour_LPC804_corriges\peripherals_lib\flash\libperipherals_lib.a(swm.o)

.debug_abbrev   0x00000000      0xa3e
 .debug_abbrev  0x00000000      0x122 ./src/MCUXpresso_cr_startup.o
 .debug_abbrev  0x00000122       0x38 ./src/MCUXpresso_crp.o
 .debug_abbrev  0x0000015a      0x1ff ./src/lib_ENS_II1_lcd.o
 .debug_abbrev  0x00000359      0x284 ./src/orgue.o
 .debug_abbrev  0x000005dd      0x1ae ./src/system.o
 .debug_abbrev  0x0000078b      0x171 C:\Users\paulg\Downloads\bibliotheques_exemples_NXP_pour_LPC804_corriges\peripherals_lib\flash\libperipherals_lib.a(i2c.o)
 .debug_abbrev  0x000008fc      0x142 C:\Users\paulg\Downloads\bibliotheques_exemples_NXP_pour_LPC804_corriges\peripherals_lib\flash\libperipherals_lib.a(swm.o)

.debug_aranges  0x00000000      0x188
 .debug_aranges
                0x00000000       0x60 ./src/MCUXpresso_cr_startup.o
 .debug_aranges
                0x00000060       0x18 ./src/MCUXpresso_crp.o
 .debug_aranges
                0x00000078       0x40 ./src/lib_ENS_II1_lcd.o
 .debug_aranges
                0x000000b8       0x38 ./src/orgue.o
 .debug_aranges
                0x000000f0       0x28 ./src/system.o
 .debug_aranges
                0x00000118       0x40 C:\Users\paulg\Downloads\bibliotheques_exemples_NXP_pour_LPC804_corriges\peripherals_lib\flash\libperipherals_lib.a(i2c.o)
 .debug_aranges
                0x00000158       0x30 C:\Users\paulg\Downloads\bibliotheques_exemples_NXP_pour_LPC804_corriges\peripherals_lib\flash\libperipherals_lib.a(swm.o)

.debug_ranges   0x00000000      0x110
 .debug_ranges  0x00000000       0x50 ./src/MCUXpresso_cr_startup.o
 .debug_ranges  0x00000050       0x30 ./src/lib_ENS_II1_lcd.o
 .debug_ranges  0x00000080       0x28 ./src/orgue.o
 .debug_ranges  0x000000a8       0x18 ./src/system.o
 .debug_ranges  0x000000c0       0x30 C:\Users\paulg\Downloads\bibliotheques_exemples_NXP_pour_LPC804_corriges\peripherals_lib\flash\libperipherals_lib.a(i2c.o)
 .debug_ranges  0x000000f0       0x20 C:\Users\paulg\Downloads\bibliotheques_exemples_NXP_pour_LPC804_corriges\peripherals_lib\flash\libperipherals_lib.a(swm.o)

.debug_macro    0x00000000     0x3502
 .debug_macro   0x00000000       0x1d ./src/MCUXpresso_cr_startup.o
 .debug_macro   0x0000001d      0xa6c ./src/MCUXpresso_cr_startup.o
 .debug_macro   0x00000a89       0x1a ./src/MCUXpresso_crp.o
 .debug_macro   0x00000aa3       0x34 ./src/MCUXpresso_crp.o
 .debug_macro   0x00000ad7       0xc5 ./src/lib_ENS_II1_lcd.o
 .debug_macro   0x00000b9c       0x10 ./src/lib_ENS_II1_lcd.o
 .debug_macro   0x00000bac      0x12e ./src/lib_ENS_II1_lcd.o
 .debug_macro   0x00000cda       0xd8 ./src/lib_ENS_II1_lcd.o
 .debug_macro   0x00000db2       0x4c ./src/lib_ENS_II1_lcd.o
 .debug_macro   0x00000dfe       0x22 ./src/lib_ENS_II1_lcd.o
 .debug_macro   0x00000e20      0x1dd ./src/lib_ENS_II1_lcd.o
 .debug_macro   0x00000ffd       0x28 ./src/lib_ENS_II1_lcd.o
 .debug_macro   0x00001025       0x3a ./src/lib_ENS_II1_lcd.o
 .debug_macro   0x0000105f      0x5b3 ./src/lib_ENS_II1_lcd.o
 .debug_macro   0x00001612      0x241 ./src/lib_ENS_II1_lcd.o
 .debug_macro   0x00001853      0x1a8 ./src/lib_ENS_II1_lcd.o
 .debug_macro   0x000019fb      0x39c ./src/lib_ENS_II1_lcd.o
 .debug_macro   0x00001d97       0xe8 ./src/lib_ENS_II1_lcd.o
 .debug_macro   0x00001e7f       0x1c ./src/lib_ENS_II1_lcd.o
 .debug_macro   0x00001e9b      0x119 ./src/orgue.o
 .debug_macro   0x00001fb4      0x3a2 ./src/orgue.o
 .debug_macro   0x00002356       0x40 ./src/orgue.o
 .debug_macro   0x00002396       0xe2 ./src/orgue.o
 .debug_macro   0x00002478       0xeb ./src/orgue.o
 .debug_macro   0x00002563       0xc4 ./src/orgue.o
 .debug_macro   0x00002627      0x196 ./src/orgue.o
 .debug_macro   0x000027bd       0x64 ./src/orgue.o
 .debug_macro   0x00002821       0xfd ./src/system.o
 .debug_macro   0x0000291e       0x5e ./src/system.o
 .debug_macro   0x0000297c       0x9b C:\Users\paulg\Downloads\bibliotheques_exemples_NXP_pour_LPC804_corriges\peripherals_lib\flash\libperipherals_lib.a(i2c.o)
 .debug_macro   0x00002a17      0xa66 C:\Users\paulg\Downloads\bibliotheques_exemples_NXP_pour_LPC804_corriges\peripherals_lib\flash\libperipherals_lib.a(i2c.o)
 .debug_macro   0x0000347d       0x85 C:\Users\paulg\Downloads\bibliotheques_exemples_NXP_pour_LPC804_corriges\peripherals_lib\flash\libperipherals_lib.a(swm.o)

.debug_line     0x00000000     0x1ad5
 .debug_line    0x00000000      0x13a ./src/MCUXpresso_cr_startup.o
 .debug_line    0x0000013a       0xbc ./src/MCUXpresso_crp.o
 .debug_line    0x000001f6      0x59a ./src/lib_ENS_II1_lcd.o
 .debug_line    0x00000790      0x6af ./src/orgue.o
 .debug_line    0x00000e3f      0x460 ./src/system.o
 .debug_line    0x0000129f      0x52d C:\Users\paulg\Downloads\bibliotheques_exemples_NXP_pour_LPC804_corriges\peripherals_lib\flash\libperipherals_lib.a(i2c.o)
 .debug_line    0x000017cc      0x309 C:\Users\paulg\Downloads\bibliotheques_exemples_NXP_pour_LPC804_corriges\peripherals_lib\flash\libperipherals_lib.a(swm.o)

.debug_str      0x00000000     0x90d8
 .debug_str     0x00000000     0x2def ./src/MCUXpresso_cr_startup.o
                               0x2e02 (size before relaxing)
 .debug_str     0x00002def       0xf4 ./src/MCUXpresso_crp.o
                               0x2d75 (size before relaxing)
 .debug_str     0x00002ee3     0x47b0 ./src/lib_ENS_II1_lcd.o
                               0x7493 (size before relaxing)
 .debug_str     0x00007693     0x15c8 ./src/orgue.o
                               0x848f (size before relaxing)
 .debug_str     0x00008c5b      0x322 ./src/system.o
                               0x72dd (size before relaxing)
 .debug_str     0x00008f7d       0xfd C:\Users\paulg\Downloads\bibliotheques_exemples_NXP_pour_LPC804_corriges\peripherals_lib\flash\libperipherals_lib.a(i2c.o)
                               0x669f (size before relaxing)
 .debug_str     0x0000907a       0x5e C:\Users\paulg\Downloads\bibliotheques_exemples_NXP_pour_LPC804_corriges\peripherals_lib\flash\libperipherals_lib.a(swm.o)
                               0x6242 (size before relaxing)

.comment        0x00000000       0x4d
 .comment       0x00000000       0x4d ./src/MCUXpresso_cr_startup.o
                                 0x4e (size before relaxing)
 .comment       0x0000004d       0x4e ./src/MCUXpresso_crp.o
 .comment       0x0000004d       0x4e ./src/lib_ENS_II1_lcd.o
 .comment       0x0000004d       0x4e ./src/orgue.o
 .comment       0x0000004d       0x4e ./src/system.o
 .comment       0x0000004d       0x4e C:\Users\paulg\Downloads\bibliotheques_exemples_NXP_pour_LPC804_corriges\peripherals_lib\flash\libperipherals_lib.a(i2c.o)
 .comment       0x0000004d       0x4e C:\Users\paulg\Downloads\bibliotheques_exemples_NXP_pour_LPC804_corriges\peripherals_lib\flash\libperipherals_lib.a(swm.o)
 .comment       0x0000004d       0x4e c:/nxp/mcuxpressoide_11.4.1_6260/ide/plugins/com.nxp.mcuxpresso.tools.win32_11.4.0.202103011116/tools/bin/../lib/gcc/arm-none-eabi/10.2.1/../../../../arm-none-eabi/lib/thumb/v6-m/nofp\libcr_semihost.a(_cr__main.o)
 .comment       0x0000004d       0x4e c:/nxp/mcuxpressoide_11.4.1_6260/ide/plugins/com.nxp.mcuxpresso.tools.win32_11.4.0.202103011116/tools/bin/../lib/gcc/arm-none-eabi/10.2.1/../../../../arm-none-eabi/lib/thumb/v6-m/nofp\libcr_c.a(memset.o)
 .comment       0x0000004d       0x4e c:/nxp/mcuxpressoide_11.4.1_6260/ide/plugins/com.nxp.mcuxpresso.tools.win32_11.4.0.202103011116/tools/bin/../lib/gcc/arm-none-eabi/10.2.1/../../../../arm-none-eabi/lib/thumb/v6-m/nofp\libcr_c.a(initio.o)
 .comment       0x0000004d       0x4e c:/nxp/mcuxpressoide_11.4.1_6260/ide/plugins/com.nxp.mcuxpresso.tools.win32_11.4.0.202103011116/tools/bin/../lib/gcc/arm-none-eabi/10.2.1/../../../../arm-none-eabi/lib/thumb/v6-m/nofp\libcr_c.a(pow.o)
 .comment       0x0000004d       0x4e c:/nxp/mcuxpressoide_11.4.1_6260/ide/plugins/com.nxp.mcuxpresso.tools.win32_11.4.0.202103011116/tools/bin/../lib/gcc/arm-none-eabi/10.2.1/../../../../arm-none-eabi/lib/thumb/v6-m/nofp\libcr_c.a(printf.o)
 .comment       0x0000004d       0x4e c:/nxp/mcuxpressoide_11.4.1_6260/ide/plugins/com.nxp.mcuxpresso.tools.win32_11.4.0.202103011116/tools/bin/../lib/gcc/arm-none-eabi/10.2.1/../../../../arm-none-eabi/lib/thumb/v6-m/nofp\libcr_c.a(setvbuf.o)
 .comment       0x0000004d       0x4e c:/nxp/mcuxpressoide_11.4.1_6260/ide/plugins/com.nxp.mcuxpresso.tools.win32_11.4.0.202103011116/tools/bin/../lib/gcc/arm-none-eabi/10.2.1/../../../../arm-none-eabi/lib/thumb/v6-m/nofp\libcr_c.a(strlen.o)
 .comment       0x0000004d       0x4e c:/nxp/mcuxpressoide_11.4.1_6260/ide/plugins/com.nxp.mcuxpresso.tools.win32_11.4.0.202103011116/tools/bin/../lib/gcc/arm-none-eabi/10.2.1/../../../../arm-none-eabi/lib/thumb/v6-m/nofp\libcr_c.a(_deferredlazyseek.o)
 .comment       0x0000004d       0x4e c:/nxp/mcuxpressoide_11.4.1_6260/ide/plugins/com.nxp.mcuxpresso.tools.win32_11.4.0.202103011116/tools/bin/../lib/gcc/arm-none-eabi/10.2.1/../../../../arm-none-eabi/lib/thumb/v6-m/nofp\libcr_c.a(_fdopen.o)
 .comment       0x0000004d       0x4e c:/nxp/mcuxpressoide_11.4.1_6260/ide/plugins/com.nxp.mcuxpresso.tools.win32_11.4.0.202103011116/tools/bin/../lib/gcc/arm-none-eabi/10.2.1/../../../../arm-none-eabi/lib/thumb/v6-m/nofp\libcr_c.a(_fflush.o)
 .comment       0x0000004d       0x4e c:/nxp/mcuxpressoide_11.4.1_6260/ide/plugins/com.nxp.mcuxpresso.tools.win32_11.4.0.202103011116/tools/bin/../lib/gcc/arm-none-eabi/10.2.1/../../../../arm-none-eabi/lib/thumb/v6-m/nofp\libcr_c.a(_writebuf.o)
 .comment       0x0000004d       0x4e c:/nxp/mcuxpressoide_11.4.1_6260/ide/plugins/com.nxp.mcuxpresso.tools.win32_11.4.0.202103011116/tools/bin/../lib/gcc/arm-none-eabi/10.2.1/../../../../arm-none-eabi/lib/thumb/v6-m/nofp\libcr_c.a(alloc.o)
 .comment       0x0000004d       0x4e c:/nxp/mcuxpressoide_11.4.1_6260/ide/plugins/com.nxp.mcuxpresso.tools.win32_11.4.0.202103011116/tools/bin/../lib/gcc/arm-none-eabi/10.2.1/../../../../arm-none-eabi/lib/thumb/v6-m/nofp\libcr_c.a(errno.o)
 .comment       0x0000004d       0x4e c:/nxp/mcuxpressoide_11.4.1_6260/ide/plugins/com.nxp.mcuxpresso.tools.win32_11.4.0.202103011116/tools/bin/../lib/gcc/arm-none-eabi/10.2.1/../../../../arm-none-eabi/lib/thumb/v6-m/nofp\libcr_c.a(fclose.o)
 .comment       0x0000004d       0x4e c:/nxp/mcuxpressoide_11.4.1_6260/ide/plugins/com.nxp.mcuxpresso.tools.win32_11.4.0.202103011116/tools/bin/../lib/gcc/arm-none-eabi/10.2.1/../../../../arm-none-eabi/lib/thumb/v6-m/nofp\libcr_c.a(fflush.o)
 .comment       0x0000004d       0x4e c:/nxp/mcuxpressoide_11.4.1_6260/ide/plugins/com.nxp.mcuxpresso.tools.win32_11.4.0.202103011116/tools/bin/../lib/gcc/arm-none-eabi/10.2.1/../../../../arm-none-eabi/lib/thumb/v6-m/nofp\libcr_c.a(frexp.o)
 .comment       0x0000004d       0x4e c:/nxp/mcuxpressoide_11.4.1_6260/ide/plugins/com.nxp.mcuxpresso.tools.win32_11.4.0.202103011116/tools/bin/../lib/gcc/arm-none-eabi/10.2.1/../../../../arm-none-eabi/lib/thumb/v6-m/nofp\libcr_c.a(fseek.o)
 .comment       0x0000004d       0x4e c:/nxp/mcuxpressoide_11.4.1_6260/ide/plugins/com.nxp.mcuxpresso.tools.win32_11.4.0.202103011116/tools/bin/../lib/gcc/arm-none-eabi/10.2.1/../../../../arm-none-eabi/lib/thumb/v6-m/nofp\libcr_c.a(ftell.o)
 .comment       0x0000004d       0x4e c:/nxp/mcuxpressoide_11.4.1_6260/ide/plugins/com.nxp.mcuxpresso.tools.win32_11.4.0.202103011116/tools/bin/../lib/gcc/arm-none-eabi/10.2.1/../../../../arm-none-eabi/lib/thumb/v6-m/nofp\libcr_c.a(ldexp.o)
 .comment       0x0000004d       0x4e c:/nxp/mcuxpressoide_11.4.1_6260/ide/plugins/com.nxp.mcuxpresso.tools.win32_11.4.0.202103011116/tools/bin/../lib/gcc/arm-none-eabi/10.2.1/../../../../arm-none-eabi/lib/thumb/v6-m/nofp\libcr_c.a(remove.o)
 .comment       0x0000004d       0x4e c:/nxp/mcuxpressoide_11.4.1_6260/ide/plugins/com.nxp.mcuxpresso.tools.win32_11.4.0.202103011116/tools/bin/../lib/gcc/arm-none-eabi/10.2.1/../../../../arm-none-eabi/lib/thumb/v6-m/nofp\libcr_c.a(__init_alloc.o)
 .comment       0x0000004d       0x4e c:/nxp/mcuxpressoide_11.4.1_6260/ide/plugins/com.nxp.mcuxpresso.tools.win32_11.4.0.202103011116/tools/bin/../lib/gcc/arm-none-eabi/10.2.1/../../../../arm-none-eabi/lib/thumb/v6-m/nofp\libcr_c.a(_cr_sbrk.o)
 .comment       0x0000004d       0x4e c:/nxp/mcuxpressoide_11.4.1_6260/ide/plugins/com.nxp.mcuxpresso.tools.win32_11.4.0.202103011116/tools/bin/../lib/gcc/arm-none-eabi/10.2.1/../../../../arm-none-eabi/lib/thumb/v6-m/nofp\libcr_c.a(_do_fflush.o)
 .comment       0x0000004d       0x4e c:/nxp/mcuxpressoide_11.4.1_6260/ide/plugins/com.nxp.mcuxpresso.tools.win32_11.4.0.202103011116/tools/bin/../lib/gcc/arm-none-eabi/10.2.1/../../../../arm-none-eabi/lib/thumb/v6-m/nofp\libcr_c.a(_cr_check_heap.o)
 .comment       0x0000004d       0x4e c:/nxp/mcuxpressoide_11.4.1_6260/ide/plugins/com.nxp.mcuxpresso.tools.win32_11.4.0.202103011116/tools/bin/../lib/gcc/arm-none-eabi/10.2.1/thumb/v6-m/nofp\libcr_eabihelpers.a(double.o)
 .comment       0x0000004d       0x4e c:/nxp/mcuxpressoide_11.4.1_6260/ide/plugins/com.nxp.mcuxpresso.tools.win32_11.4.0.202103011116/tools/bin/../lib/gcc/arm-none-eabi/10.2.1/thumb/v6-m/nofp\libcr_eabihelpers.a(float.o)
 .comment       0x0000004d       0x4e c:/nxp/mcuxpressoide_11.4.1_6260/ide/plugins/com.nxp.mcuxpresso.tools.win32_11.4.0.202103011116/tools/bin/../lib/gcc/arm-none-eabi/10.2.1/../../../../arm-none-eabi/lib/thumb/v6-m/nofp\libcr_semihost.a(__ciob.o)

.ARM.attributes
                0x00000000       0x2a
 .ARM.attributes
                0x00000000       0x2c ./src/MCUXpresso_cr_startup.o
 .ARM.attributes
                0x0000002c       0x31 ./src/MCUXpresso_crp.o
 .ARM.attributes
                0x0000005d       0x2c ./src/lib_ENS_II1_lcd.o
 .ARM.attributes
                0x00000089       0x2c ./src/orgue.o
 .ARM.attributes
                0x000000b5       0x2c ./src/system.o
 .ARM.attributes
                0x000000e1       0x2c C:\Users\paulg\Downloads\bibliotheques_exemples_NXP_pour_LPC804_corriges\peripherals_lib\flash\libperipherals_lib.a(i2c.o)
 .ARM.attributes
                0x0000010d       0x2c C:\Users\paulg\Downloads\bibliotheques_exemples_NXP_pour_LPC804_corriges\peripherals_lib\flash\libperipherals_lib.a(swm.o)
 .ARM.attributes
                0x00000139       0x2c c:/nxp/mcuxpressoide_11.4.1_6260/ide/plugins/com.nxp.mcuxpresso.tools.win32_11.4.0.202103011116/tools/bin/../lib/gcc/arm-none-eabi/10.2.1/../../../../arm-none-eabi/lib/thumb/v6-m/nofp\libcr_semihost.a(_cr__main.o)
 .ARM.attributes
                0x00000165       0x2c c:/nxp/mcuxpressoide_11.4.1_6260/ide/plugins/com.nxp.mcuxpresso.tools.win32_11.4.0.202103011116/tools/bin/../lib/gcc/arm-none-eabi/10.2.1/../../../../arm-none-eabi/lib/thumb/v6-m/nofp\libcr_c.a(memset.o)
 .ARM.attributes
                0x00000191       0x2c c:/nxp/mcuxpressoide_11.4.1_6260/ide/plugins/com.nxp.mcuxpresso.tools.win32_11.4.0.202103011116/tools/bin/../lib/gcc/arm-none-eabi/10.2.1/../../../../arm-none-eabi/lib/thumb/v6-m/nofp\libcr_c.a(initio.o)
 .ARM.attributes
                0x000001bd       0x2c c:/nxp/mcuxpressoide_11.4.1_6260/ide/plugins/com.nxp.mcuxpresso.tools.win32_11.4.0.202103011116/tools/bin/../lib/gcc/arm-none-eabi/10.2.1/../../../../arm-none-eabi/lib/thumb/v6-m/nofp\libcr_c.a(pow.o)
 .ARM.attributes
                0x000001e9       0x2c c:/nxp/mcuxpressoide_11.4.1_6260/ide/plugins/com.nxp.mcuxpresso.tools.win32_11.4.0.202103011116/tools/bin/../lib/gcc/arm-none-eabi/10.2.1/../../../../arm-none-eabi/lib/thumb/v6-m/nofp\libcr_c.a(printf.o)
 .ARM.attributes
                0x00000215       0x2c c:/nxp/mcuxpressoide_11.4.1_6260/ide/plugins/com.nxp.mcuxpresso.tools.win32_11.4.0.202103011116/tools/bin/../lib/gcc/arm-none-eabi/10.2.1/../../../../arm-none-eabi/lib/thumb/v6-m/nofp\libcr_c.a(setvbuf.o)
 .ARM.attributes
                0x00000241       0x2c c:/nxp/mcuxpressoide_11.4.1_6260/ide/plugins/com.nxp.mcuxpresso.tools.win32_11.4.0.202103011116/tools/bin/../lib/gcc/arm-none-eabi/10.2.1/../../../../arm-none-eabi/lib/thumb/v6-m/nofp\libcr_c.a(strlen.o)
 .ARM.attributes
                0x0000026d       0x2c c:/nxp/mcuxpressoide_11.4.1_6260/ide/plugins/com.nxp.mcuxpresso.tools.win32_11.4.0.202103011116/tools/bin/../lib/gcc/arm-none-eabi/10.2.1/../../../../arm-none-eabi/lib/thumb/v6-m/nofp\libcr_c.a(_deferredlazyseek.o)
 .ARM.attributes
                0x00000299       0x2c c:/nxp/mcuxpressoide_11.4.1_6260/ide/plugins/com.nxp.mcuxpresso.tools.win32_11.4.0.202103011116/tools/bin/../lib/gcc/arm-none-eabi/10.2.1/../../../../arm-none-eabi/lib/thumb/v6-m/nofp\libcr_c.a(_fdopen.o)
 .ARM.attributes
                0x000002c5       0x2c c:/nxp/mcuxpressoide_11.4.1_6260/ide/plugins/com.nxp.mcuxpresso.tools.win32_11.4.0.202103011116/tools/bin/../lib/gcc/arm-none-eabi/10.2.1/../../../../arm-none-eabi/lib/thumb/v6-m/nofp\libcr_c.a(_fflush.o)
 .ARM.attributes
                0x000002f1       0x2c c:/nxp/mcuxpressoide_11.4.1_6260/ide/plugins/com.nxp.mcuxpresso.tools.win32_11.4.0.202103011116/tools/bin/../lib/gcc/arm-none-eabi/10.2.1/../../../../arm-none-eabi/lib/thumb/v6-m/nofp\libcr_c.a(_writebuf.o)
 .ARM.attributes
                0x0000031d       0x2c c:/nxp/mcuxpressoide_11.4.1_6260/ide/plugins/com.nxp.mcuxpresso.tools.win32_11.4.0.202103011116/tools/bin/../lib/gcc/arm-none-eabi/10.2.1/../../../../arm-none-eabi/lib/thumb/v6-m/nofp\libcr_c.a(alloc.o)
 .ARM.attributes
                0x00000349       0x31 c:/nxp/mcuxpressoide_11.4.1_6260/ide/plugins/com.nxp.mcuxpresso.tools.win32_11.4.0.202103011116/tools/bin/../lib/gcc/arm-none-eabi/10.2.1/../../../../arm-none-eabi/lib/thumb/v6-m/nofp\libcr_c.a(errno.o)
 .ARM.attributes
                0x0000037a       0x2c c:/nxp/mcuxpressoide_11.4.1_6260/ide/plugins/com.nxp.mcuxpresso.tools.win32_11.4.0.202103011116/tools/bin/../lib/gcc/arm-none-eabi/10.2.1/../../../../arm-none-eabi/lib/thumb/v6-m/nofp\libcr_c.a(fclose.o)
 .ARM.attributes
                0x000003a6       0x2c c:/nxp/mcuxpressoide_11.4.1_6260/ide/plugins/com.nxp.mcuxpresso.tools.win32_11.4.0.202103011116/tools/bin/../lib/gcc/arm-none-eabi/10.2.1/../../../../arm-none-eabi/lib/thumb/v6-m/nofp\libcr_c.a(fflush.o)
 .ARM.attributes
                0x000003d2       0x2c c:/nxp/mcuxpressoide_11.4.1_6260/ide/plugins/com.nxp.mcuxpresso.tools.win32_11.4.0.202103011116/tools/bin/../lib/gcc/arm-none-eabi/10.2.1/../../../../arm-none-eabi/lib/thumb/v6-m/nofp\libcr_c.a(frexp.o)
 .ARM.attributes
                0x000003fe       0x2c c:/nxp/mcuxpressoide_11.4.1_6260/ide/plugins/com.nxp.mcuxpresso.tools.win32_11.4.0.202103011116/tools/bin/../lib/gcc/arm-none-eabi/10.2.1/../../../../arm-none-eabi/lib/thumb/v6-m/nofp\libcr_c.a(fseek.o)
 .ARM.attributes
                0x0000042a       0x2c c:/nxp/mcuxpressoide_11.4.1_6260/ide/plugins/com.nxp.mcuxpresso.tools.win32_11.4.0.202103011116/tools/bin/../lib/gcc/arm-none-eabi/10.2.1/../../../../arm-none-eabi/lib/thumb/v6-m/nofp\libcr_c.a(ftell.o)
 .ARM.attributes
                0x00000456       0x2c c:/nxp/mcuxpressoide_11.4.1_6260/ide/plugins/com.nxp.mcuxpresso.tools.win32_11.4.0.202103011116/tools/bin/../lib/gcc/arm-none-eabi/10.2.1/../../../../arm-none-eabi/lib/thumb/v6-m/nofp\libcr_c.a(ldexp.o)
 .ARM.attributes
                0x00000482       0x2c c:/nxp/mcuxpressoide_11.4.1_6260/ide/plugins/com.nxp.mcuxpresso.tools.win32_11.4.0.202103011116/tools/bin/../lib/gcc/arm-none-eabi/10.2.1/../../../../arm-none-eabi/lib/thumb/v6-m/nofp\libcr_c.a(remove.o)
 .ARM.attributes
                0x000004ae       0x2c c:/nxp/mcuxpressoide_11.4.1_6260/ide/plugins/com.nxp.mcuxpresso.tools.win32_11.4.0.202103011116/tools/bin/../lib/gcc/arm-none-eabi/10.2.1/../../../../arm-none-eabi/lib/thumb/v6-m/nofp\libcr_c.a(__init_alloc.o)
 .ARM.attributes
                0x000004da       0x2c c:/nxp/mcuxpressoide_11.4.1_6260/ide/plugins/com.nxp.mcuxpresso.tools.win32_11.4.0.202103011116/tools/bin/../lib/gcc/arm-none-eabi/10.2.1/../../../../arm-none-eabi/lib/thumb/v6-m/nofp\libcr_c.a(_cr_sbrk.o)
 .ARM.attributes
                0x00000506       0x2c c:/nxp/mcuxpressoide_11.4.1_6260/ide/plugins/com.nxp.mcuxpresso.tools.win32_11.4.0.202103011116/tools/bin/../lib/gcc/arm-none-eabi/10.2.1/../../../../arm-none-eabi/lib/thumb/v6-m/nofp\libcr_c.a(_do_fflush.o)
 .ARM.attributes
                0x00000532       0x2c c:/nxp/mcuxpressoide_11.4.1_6260/ide/plugins/com.nxp.mcuxpresso.tools.win32_11.4.0.202103011116/tools/bin/../lib/gcc/arm-none-eabi/10.2.1/../../../../arm-none-eabi/lib/thumb/v6-m/nofp\libcr_c.a(_cr_check_heap.o)
 .ARM.attributes
                0x0000055e       0x2c c:/nxp/mcuxpressoide_11.4.1_6260/ide/plugins/com.nxp.mcuxpresso.tools.win32_11.4.0.202103011116/tools/bin/../lib/gcc/arm-none-eabi/10.2.1/thumb/v6-m/nofp\libcr_eabihelpers.a(double.o)
 .ARM.attributes
                0x0000058a       0x2c c:/nxp/mcuxpressoide_11.4.1_6260/ide/plugins/com.nxp.mcuxpresso.tools.win32_11.4.0.202103011116/tools/bin/../lib/gcc/arm-none-eabi/10.2.1/thumb/v6-m/nofp\libcr_eabihelpers.a(float.o)
 .ARM.attributes
                0x000005b6       0x1c c:/nxp/mcuxpressoide_11.4.1_6260/ide/plugins/com.nxp.mcuxpresso.tools.win32_11.4.0.202103011116/tools/bin/../lib/gcc/arm-none-eabi/10.2.1/thumb/v6-m/nofp\libcr_eabihelpers.a(llong.o)
 .ARM.attributes
                0x000005d2       0x1c c:/nxp/mcuxpressoide_11.4.1_6260/ide/plugins/com.nxp.mcuxpresso.tools.win32_11.4.0.202103011116/tools/bin/../lib/gcc/arm-none-eabi/10.2.1/thumb/v6-m/nofp\libcr_eabihelpers.a(memcpy.o)
 .ARM.attributes
                0x000005ee       0x1c c:/nxp/mcuxpressoide_11.4.1_6260/ide/plugins/com.nxp.mcuxpresso.tools.win32_11.4.0.202103011116/tools/bin/../lib/gcc/arm-none-eabi/10.2.1/thumb/v6-m/nofp\libcr_eabihelpers.a(thumb1_switch_helpers.o)
 .ARM.attributes
                0x0000060a       0x31 c:/nxp/mcuxpressoide_11.4.1_6260/ide/plugins/com.nxp.mcuxpresso.tools.win32_11.4.0.202103011116/tools/bin/../lib/gcc/arm-none-eabi/10.2.1/../../../../arm-none-eabi/lib/thumb/v6-m/nofp\libcr_semihost.a(__ciob.o)
 .ARM.attributes
                0x0000063b       0x1c c:/nxp/mcuxpressoide_11.4.1_6260/ide/plugins/com.nxp.mcuxpresso.tools.win32_11.4.0.202103011116/tools/bin/../lib/gcc/arm-none-eabi/10.2.1/../../../../arm-none-eabi/lib/thumb/v6-m/nofp\libcr_semihost.a(__sys_appexit.o)
 .ARM.attributes
                0x00000657       0x1c c:/nxp/mcuxpressoide_11.4.1_6260/ide/plugins/com.nxp.mcuxpresso.tools.win32_11.4.0.202103011116/tools/bin/../lib/gcc/arm-none-eabi/10.2.1/../../../../arm-none-eabi/lib/thumb/v6-m/nofp\libcr_semihost.a(__sys_close.o)
 .ARM.attributes
                0x00000673       0x1c c:/nxp/mcuxpressoide_11.4.1_6260/ide/plugins/com.nxp.mcuxpresso.tools.win32_11.4.0.202103011116/tools/bin/../lib/gcc/arm-none-eabi/10.2.1/../../../../arm-none-eabi/lib/thumb/v6-m/nofp\libcr_semihost.a(__sys_flen.o)
 .ARM.attributes
                0x0000068f       0x1c c:/nxp/mcuxpressoide_11.4.1_6260/ide/plugins/com.nxp.mcuxpresso.tools.win32_11.4.0.202103011116/tools/bin/../lib/gcc/arm-none-eabi/10.2.1/../../../../arm-none-eabi/lib/thumb/v6-m/nofp\libcr_semihost.a(__sys_istty.o)
 .ARM.attributes
                0x000006ab       0x1c c:/nxp/mcuxpressoide_11.4.1_6260/ide/plugins/com.nxp.mcuxpresso.tools.win32_11.4.0.202103011116/tools/bin/../lib/gcc/arm-none-eabi/10.2.1/../../../../arm-none-eabi/lib/thumb/v6-m/nofp\libcr_semihost.a(__sys_remove.o)
 .ARM.attributes
                0x000006c7       0x1c c:/nxp/mcuxpressoide_11.4.1_6260/ide/plugins/com.nxp.mcuxpresso.tools.win32_11.4.0.202103011116/tools/bin/../lib/gcc/arm-none-eabi/10.2.1/../../../../arm-none-eabi/lib/thumb/v6-m/nofp\libcr_semihost.a(__sys_seek.o)
 .ARM.attributes
                0x000006e3       0x1c c:/nxp/mcuxpressoide_11.4.1_6260/ide/plugins/com.nxp.mcuxpresso.tools.win32_11.4.0.202103011116/tools/bin/../lib/gcc/arm-none-eabi/10.2.1/../../../../arm-none-eabi/lib/thumb/v6-m/nofp\libcr_semihost.a(__sys_tmpnam.o)
 .ARM.attributes
                0x000006ff       0x1c c:/nxp/mcuxpressoide_11.4.1_6260/ide/plugins/com.nxp.mcuxpresso.tools.win32_11.4.0.202103011116/tools/bin/../lib/gcc/arm-none-eabi/10.2.1/../../../../arm-none-eabi/lib/thumb/v6-m/nofp\libcr_semihost.a(__sys_write.o)

.debug_frame    0x00000000      0x3c4
 .debug_frame   0x00000000      0x118 ./src/MCUXpresso_cr_startup.o
 .debug_frame   0x00000118       0xb0 ./src/lib_ENS_II1_lcd.o
 .debug_frame   0x000001c8       0x8c ./src/orgue.o
 .debug_frame   0x00000254       0x50 ./src/system.o
 .debug_frame   0x000002a4       0xb0 C:\Users\paulg\Downloads\bibliotheques_exemples_NXP_pour_LPC804_corriges\peripherals_lib\flash\libperipherals_lib.a(i2c.o)
 .debug_frame   0x00000354       0x70 C:\Users\paulg\Downloads\bibliotheques_exemples_NXP_pour_LPC804_corriges\peripherals_lib\flash\libperipherals_lib.a(swm.o)
