Archive member included to satisfy reference by file (symbol)

/home/varoqui/Documents/MCUXpresso_10.2.1_795/workspace/peripherals_lib/flash/libperipherals_lib.a(i2c.o)
                              ./src/lib_UE441_lcd.o (I2CmasterWrite)
/home/local/mcuxpressoide-10.2.1_795/ide/tools/bin/../lib/gcc/arm-none-eabi/7.2.1/../../../../arm-none-eabi/lib/thumb/v6-m/libcr_semihost.a(_cr__main.o)
                              ./src/cr_startup_lpc80x.o (__main)
/home/local/mcuxpressoide-10.2.1_795/ide/tools/bin/../lib/gcc/arm-none-eabi/7.2.1/../../../../arm-none-eabi/lib/thumb/v6-m/libcr_c.a(fpprintf.o)
                              ./src/base_TP3.o (sprintf)
/home/local/mcuxpressoide-10.2.1_795/ide/tools/bin/../lib/gcc/arm-none-eabi/7.2.1/../../../../arm-none-eabi/lib/thumb/v6-m/libcr_c.a(initio.o)
                              /home/local/mcuxpressoide-10.2.1_795/ide/tools/bin/../lib/gcc/arm-none-eabi/7.2.1/../../../../arm-none-eabi/lib/thumb/v6-m/libcr_semihost.a(_cr__main.o) (_initio)
/home/local/mcuxpressoide-10.2.1_795/ide/tools/bin/../lib/gcc/arm-none-eabi/7.2.1/../../../../arm-none-eabi/lib/thumb/v6-m/libcr_c.a(printf.o)
                              /home/local/mcuxpressoide-10.2.1_795/ide/tools/bin/../lib/gcc/arm-none-eabi/7.2.1/../../../../arm-none-eabi/lib/thumb/v6-m/libcr_c.a(fpprintf.o) (__vfprintf)
/home/local/mcuxpressoide-10.2.1_795/ide/tools/bin/../lib/gcc/arm-none-eabi/7.2.1/../../../../arm-none-eabi/lib/thumb/v6-m/libcr_c.a(setvbuf.o)
                              /home/local/mcuxpressoide-10.2.1_795/ide/tools/bin/../lib/gcc/arm-none-eabi/7.2.1/../../../../arm-none-eabi/lib/thumb/v6-m/libcr_c.a(initio.o) (setvbuf)
/home/local/mcuxpressoide-10.2.1_795/ide/tools/bin/../lib/gcc/arm-none-eabi/7.2.1/../../../../arm-none-eabi/lib/thumb/v6-m/libcr_c.a(strlen.o)
                              /home/local/mcuxpressoide-10.2.1_795/ide/tools/bin/../lib/gcc/arm-none-eabi/7.2.1/../../../../arm-none-eabi/lib/thumb/v6-m/libcr_c.a(printf.o) (strlen)
/home/local/mcuxpressoide-10.2.1_795/ide/tools/bin/../lib/gcc/arm-none-eabi/7.2.1/../../../../arm-none-eabi/lib/thumb/v6-m/libcr_c.a(memset.o)
                              /home/local/mcuxpressoide-10.2.1_795/ide/tools/bin/../lib/gcc/arm-none-eabi/7.2.1/../../../../arm-none-eabi/lib/thumb/v6-m/libcr_c.a(fpprintf.o) (memset)
/home/local/mcuxpressoide-10.2.1_795/ide/tools/bin/../lib/gcc/arm-none-eabi/7.2.1/../../../../arm-none-eabi/lib/thumb/v6-m/libcr_c.a(_deferredlazyseek.o)
                              /home/local/mcuxpressoide-10.2.1_795/ide/tools/bin/../lib/gcc/arm-none-eabi/7.2.1/../../../../arm-none-eabi/lib/thumb/v6-m/libcr_c.a(fpprintf.o) (__flsbuf)
/home/local/mcuxpressoide-10.2.1_795/ide/tools/bin/../lib/gcc/arm-none-eabi/7.2.1/../../../../arm-none-eabi/lib/thumb/v6-m/libcr_c.a(_fdopen.o)
                              /home/local/mcuxpressoide-10.2.1_795/ide/tools/bin/../lib/gcc/arm-none-eabi/7.2.1/../../../../arm-none-eabi/lib/thumb/v6-m/libcr_c.a(initio.o) (_fdopen)
/home/local/mcuxpressoide-10.2.1_795/ide/tools/bin/../lib/gcc/arm-none-eabi/7.2.1/../../../../arm-none-eabi/lib/thumb/v6-m/libcr_c.a(_fflush.o)
                              /home/local/mcuxpressoide-10.2.1_795/ide/tools/bin/../lib/gcc/arm-none-eabi/7.2.1/../../../../arm-none-eabi/lib/thumb/v6-m/libcr_c.a(_deferredlazyseek.o) (_fflush)
/home/local/mcuxpressoide-10.2.1_795/ide/tools/bin/../lib/gcc/arm-none-eabi/7.2.1/../../../../arm-none-eabi/lib/thumb/v6-m/libcr_c.a(_frexpl.o)
                              /home/local/mcuxpressoide-10.2.1_795/ide/tools/bin/../lib/gcc/arm-none-eabi/7.2.1/../../../../arm-none-eabi/lib/thumb/v6-m/libcr_c.a(fpprintf.o) (_frexpl)
/home/local/mcuxpressoide-10.2.1_795/ide/tools/bin/../lib/gcc/arm-none-eabi/7.2.1/../../../../arm-none-eabi/lib/thumb/v6-m/libcr_c.a(_ldexpl.o)
                              /home/local/mcuxpressoide-10.2.1_795/ide/tools/bin/../lib/gcc/arm-none-eabi/7.2.1/../../../../arm-none-eabi/lib/thumb/v6-m/libcr_c.a(fpprintf.o) (_ldexpl)
/home/local/mcuxpressoide-10.2.1_795/ide/tools/bin/../lib/gcc/arm-none-eabi/7.2.1/../../../../arm-none-eabi/lib/thumb/v6-m/libcr_c.a(_writebuf.o)
                              /home/local/mcuxpressoide-10.2.1_795/ide/tools/bin/../lib/gcc/arm-none-eabi/7.2.1/../../../../arm-none-eabi/lib/thumb/v6-m/libcr_c.a(_deferredlazyseek.o) (_Cwritebuf)
/home/local/mcuxpressoide-10.2.1_795/ide/tools/bin/../lib/gcc/arm-none-eabi/7.2.1/../../../../arm-none-eabi/lib/thumb/v6-m/libcr_c.a(alloc.o)
                              /home/local/mcuxpressoide-10.2.1_795/ide/tools/bin/../lib/gcc/arm-none-eabi/7.2.1/../../../../arm-none-eabi/lib/thumb/v6-m/libcr_c.a(fpprintf.o) (malloc)
/home/local/mcuxpressoide-10.2.1_795/ide/tools/bin/../lib/gcc/arm-none-eabi/7.2.1/../../../../arm-none-eabi/lib/thumb/v6-m/libcr_c.a(errno.o)
                              /home/local/mcuxpressoide-10.2.1_795/ide/tools/bin/../lib/gcc/arm-none-eabi/7.2.1/../../../../arm-none-eabi/lib/thumb/v6-m/libcr_c.a(_ldexpl.o) (errno)
[...]
Memory Configuration

Name             Origin             Length             Attributes
MFlash32         0x0000000000000000 0x0000000000007f80 xr
RamLoc4          0x0000000010000000 0x0000000000001000 xrw
*default*        0x0000000000000000 0xffffffffffffffff

Linker script and memory map

LOAD ./src/aeabi_romdiv_patch.o
LOAD ./src/base_TP3.o
LOAD ./src/cr_startup_lpc80x.o
LOAD ./src/crp.o
LOAD ./src/lib_UE441_lcd.o
LOAD /home/varoqui/Documents/MCUXpresso_10.2.1_795/workspace/utilities_lib/flash/libutilities_lib.a
LOAD /home/varoqui/Documents/MCUXpresso_10.2.1_795/workspace/peripherals_lib/flash/libperipherals_lib.a
START GROUP
LOAD /home/local/mcuxpressoide-10.2.1_795/ide/tools/bin/../lib/gcc/arm-none-eabi/7.2.1/../../../../arm-none-eabi/lib/thumb/v6-m/libcr_semihost.a
LOAD /home/local/mcuxpressoide-10.2.1_795/ide/tools/bin/../lib/gcc/arm-none-eabi/7.2.1/../../../../arm-none-eabi/lib/thumb/v6-m/libcr_c.a
LOAD /home/local/mcuxpressoide-10.2.1_795/ide/tools/bin/../lib/gcc/arm-none-eabi/7.2.1/thumb/v6-m/libcr_eabihelpers.a
END GROUP
                0x0000000000000000                __base_MFlash32 = 0x0
                0x0000000000000000                __base_Flash = 0x0
                0x0000000000007f80                __top_MFlash32 = 0x7f80
                0x0000000000007f80                __top_Flash = 0x7f80
                0x0000000010000000                __base_RamLoc4 = 0x10000000
                0x0000000010000000                __base_RAM = 0x10000000
                0x0000000010001000                __top_RamLoc4 = 0x10001000
                0x0000000010001000                __top_RAM = 0x10001000

.text           0x0000000000000000     0x31fc
 FILL mask 0xff
                0x0000000000000000                __vectors_start__ = ABSOLUTE (.)
 *(.isr_vector)
 .isr_vector    0x0000000000000000       0xc0 ./src/cr_startup_lpc80x.o
                0x0000000000000000                g_pfnVectors
                0x00000000000000c0                . = ALIGN (0x4)
                0x00000000000000c0                __section_table_start = .
                0x00000000000000c0                __data_section_table = .
                0x00000000000000c0        0x4 LONG 0x31fc LOADADDR (.data)
                0x00000000000000c4        0x4 LONG 0x10000000 ADDR (.data)
                0x00000000000000c8        0x4 LONG 0x0 SIZEOF (.data)
                0x00000000000000cc                __data_section_table_end = .
                0x00000000000000cc                __bss_section_table = .
                0x00000000000000cc        0x4 LONG 0x10000000 ADDR (.bss)
                0x00000000000000d0        0x4 LONG 0x1f4 SIZEOF (.bss)
                0x00000000000000d4                __bss_section_table_end = .
                0x00000000000000d4                __section_table_end = .
 *(.after_vectors*)
 .after_vectors
                0x00000000000000d4       0x98 ./src/cr_startup_lpc80x.o
                0x00000000000000d4                data_init
                0x00000000000000ea                bss_init
                0x00000000000000fc                ResetISR
                0x0000000000000160                NMI_Handler
                0x0000000000000162                HardFault_Handler
                0x0000000000000164                SVC_Handler
                0x0000000000000166                PendSV_Handler
                0x0000000000000168                SysTick_Handler
                0x000000000000016a                CMP_IRQHandler
                0x000000000000016a                PININT7_IRQHandler
                0x000000000000016a                I2C0_IRQHandler
                0x000000000000016a                WKT_IRQHandler
                0x000000000000016a                PININT2_IRQHandler
                0x000000000000016a                PININT1_IRQHandler
                0x000000000000016a                MRT_IRQHandler
                0x000000000000016a                I2C1_IRQHandler
                0x000000000000016a                UART1_IRQHandler
                0x000000000000016a                ADC_SEQB_IRQHandler
                0x000000000000016a                UART0_IRQHandler
                0x000000000000016a                IntDefaultHandler
                0x000000000000016a                ADC_OVR_IRQHandler
                0x000000000000016a                PININT3_IRQHandler
                0x000000000000016a                PININT5_IRQHandler
                0x000000000000016a                PININT4_IRQHandler
                0x000000000000016a                ADC_THCMP_IRQHandler
                0x000000000000016a                BOD_IRQHandler
                0x000000000000016a                WDT_IRQHandler
                0x000000000000016a                ADC_SEQA_IRQHandler
                0x000000000000016a                DAC0_IRQHandler
                0x000000000000016a                PININT6_IRQHandler
                0x000000000000016a                SPI0_IRQHandler
                0x000000000000016a                FLASH_IRQHandler
                0x000000000000016a                CTIMER0_IRQHandler
                0x00000000000002fc                . = 0x2fc
 *fill*         0x000000000000016c      0x190 ff
                0x00000000000002fc                PROVIDE (__CRP_WORD_START__, .)
 *(.crp)
 .crp           0x00000000000002fc        0x4 ./src/crp.o
                0x00000000000002fc                CRP_WORD
                0x0000000000000300                PROVIDE (__CRP_WORD_END__, .)
                0x0000000000000001                ASSERT (! ((__CRP_WORD_START__ == __CRP_WORD_END__)), Linker CRP Enabled, but no CRP_WORD provided within application)
 *(.text*)
 .text.__aeabi_idiv
                0x0000000000000300       0x10 ./src/aeabi_romdiv_patch.o
                0x0000000000000300                __aeabi_idiv
                0x0000000000000300                __aeabi_idivmod
 .text.main     0x0000000000000310       0xc4 ./src/base_TP3.o
                0x0000000000000310                main
 .text.PININT0_IRQHandler
                0x00000000000003d4       0x14 ./src/base_TP3.o
                0x00000000000003d4                PININT0_IRQHandler
 .text.init_lcd
                0x00000000000003e8      0x2a8 ./src/lib_UE441_lcd.o
                0x00000000000003e8                init_lcd
 .text.lcd_puts
                0x0000000000000690       0x64 ./src/lib_UE441_lcd.o
                0x0000000000000690                lcd_puts
 .text.lcd_gohome
                0x00000000000006f4       0x58 ./src/lib_UE441_lcd.o
                0x00000000000006f4                lcd_gohome
 .text.lcd_position
                0x000000000000074c       0x84 ./src/lib_UE441_lcd.o
                0x000000000000074c                lcd_position
 .text.I2CmasterWrite
                0x00000000000007d0       0x78 /home/varoqui/Documents/MCUXpresso_10.2.1_795/workspace/peripherals_lib/flash/libperipherals_lib.a(i2c.o)
                0x00000000000007d0                I2CmasterWrite
 .text.WaitI2CMasterState
                0x0000000000000848       0x2e /home/varoqui/Documents/MCUXpresso_10.2.1_795/workspace/peripherals_lib/flash/libperipherals_lib.a(i2c.o)
                0x0000000000000848                WaitI2CMasterState
 .text.__main   0x0000000000000876        0xc /home/local/mcuxpressoide-10.2.1_795/ide/tools/bin/../lib/gcc/arm-none-eabi/7.2.1/../../../../arm-none-eabi/lib/thumb/v6-m/libcr_semihost.a(_cr__main.o)
                0x0000000000000876                __main
                0x0000000000000876                __CR_SEMIHOST
 .text.fp_round
                0x0000000000000882       0x4a /home/local/mcuxpressoide-10.2.1_795/ide/tools/bin/../lib/gcc/arm-none-eabi/7.2.1/../../../../arm-none-eabi/lib/thumb/v6-m/libcr_c.a(fpprintf.o)
 .text.pr_dec.constprop.1
                0x00000000000008cc       0x30 /home/local/mcuxpressoide-10.2.1_795/ide/tools/bin/../lib/gcc/arm-none-eabi/7.2.1/../../../../arm-none-eabi/lib/thumb/v6-m/libcr_c.a(fpprintf.o)
 .text.sprintf  0x00000000000008fc       0x6c /home/local/mcuxpressoide-10.2.1_795/ide/tools/bin/../lib/gcc/arm-none-eabi/7.2.1/../../../../arm-none-eabi/lib/thumb/v6-m/libcr_c.a(fpprintf.o)
                0x00000000000008fc                sprintf
 .text.fp_display
                0x0000000000000968      0x984 /home/local/mcuxpressoide-10.2.1_795/ide/tools/bin/../lib/gcc/arm-none-eabi/7.2.1/../../../../arm-none-eabi/lib/thumb/v6-m/libcr_c.a(fpprintf.o)
 .text.vsnprintf
                0x00000000000012ec       0x60 /home/local/mcuxpressoide-10.2.1_795/ide/tools/bin/../lib/gcc/arm-none-eabi/7.2.1/../../../../arm-none-eabi/lib/thumb/v6-m/libcr_c.a(fpprintf.o)
                0x00000000000012ec                vsnprintf
 .text.printf   0x000000000000134c       0x50 /home/local/mcuxpressoide-10.2.1_795/ide/tools/bin/../lib/gcc/arm-none-eabi/7.2.1/../../../../arm-none-eabi/lib/thumb/v6-m/libcr_c.a(fpprintf.o)
                0x000000000000134c                printf
 .text._initio  0x000000000000139c       0x7c /home/local/mcuxpressoide-10.2.1_795/ide/tools/bin/../lib/gcc/arm-none-eabi/7.2.1/../../../../arm-none-eabi/lib/thumb/v6-m/libcr_c.a(initio.o)
                0x000000000000139c                _initio
 .text.__vfprintf
                0x0000000000001418      0xcd4 /home/local/mcuxpressoide-10.2.1_795/ide/tools/bin/../lib/gcc/arm-none-eabi/7.2.1/../../../../arm-none-eabi/lib/thumb/v6-m/libcr_c.a(printf.o)
                0x0000000000001418                __vfprintf
 .text.setvbuf  0x00000000000020ec       0x48 /home/local/mcuxpressoide-10.2.1_795/ide/tools/bin/../lib/gcc/arm-none-eabi/7.2.1/../../../../arm-none-eabi/lib/thumb/v6-m/libcr_c.a(setvbuf.o)
                0x00000000000020ec                setvbuf
 .text.strlen   0x0000000000002134       0x58 /home/local/mcuxpressoide-10.2.1_795/ide/tools/bin/../lib/gcc/arm-none-eabi/7.2.1/../../../../arm-none-eabi/lib/thumb/v6-m/libcr_c.a(strlen.o)
                0x0000000000002134                strlen
 .text.memset   0x000000000000218c        0x8 /home/local/mcuxpressoide-10.2.1_795/ide/tools/bin/../lib/gcc/arm-none-eabi/7.2.1/../../../../arm-none-eabi/lib/thumb/v6-m/libcr_c.a(memset.o)
                0x000000000000218c                memset
 .text._deferredlazyseek
                0x0000000000002194       0x40 /home/local/mcuxpressoide-10.2.1_795/ide/tools/bin/../lib/gcc/arm-none-eabi/7.2.1/../../../../arm-none-eabi/lib/thumb/v6-m/libcr_c.a(_deferredlazyseek.o)
                0x0000000000002194                _deferredlazyseek
 .text.__flsbuf
                0x00000000000021d4      0x14c /home/local/mcuxpressoide-10.2.1_795/ide/tools/bin/../lib/gcc/arm-none-eabi/7.2.1/../../../../arm-none-eabi/lib/thumb/v6-m/libcr_c.a(_deferredlazyseek.o)
                0x00000000000021d4                __flsbuf
 .text._fdopen  0x0000000000002320       0x74 /home/local/mcuxpressoide-10.2.1_795/ide/tools/bin/../lib/gcc/arm-none-eabi/7.2.1/../../../../arm-none-eabi/lib/thumb/v6-m/libcr_c.a(_fdopen.o)
                0x0000000000002320                _fdopen
 .text._fflush  0x0000000000002394       0x5c /home/local/mcuxpressoide-10.2.1_795/ide/tools/bin/../lib/gcc/arm-none-eabi/7.2.1/../../../../arm-none-eabi/lib/thumb/v6-m/libcr_c.a(_fflush.o)
                0x0000000000002394                _fflush
 .text._frexpl  0x00000000000023f0       0x80 /home/local/mcuxpressoide-10.2.1_795/ide/tools/bin/../lib/gcc/arm-none-eabi/7.2.1/../../../../arm-none-eabi/lib/thumb/v6-m/libcr_c.a(_frexpl.o)
                0x00000000000023f0                _frexpl
 .text._ldexpl  0x0000000000002470       0x58 /home/local/mcuxpressoide-10.2.1_795/ide/tools/bin/../lib/gcc/arm-none-eabi/7.2.1/../../../../arm-none-eabi/lib/thumb/v6-m/libcr_c.a(_ldexpl.o)
                0x0000000000002470                _ldexpl
 .text._Cwritebuf
                0x00000000000024c8       0x68 /home/local/mcuxpressoide-10.2.1_795/ide/tools/bin/../lib/gcc/arm-none-eabi/7.2.1/../../../../arm-none-eabi/lib/thumb/v6-m/libcr_c.a(_writebuf.o)
                0x00000000000024c8                _Cwritebuf
 .text.malloc   0x0000000000002530       0xcc /home/local/mcuxpressoide-10.2.1_795/ide/tools/bin/../lib/gcc/arm-none-eabi/7.2.1/../../../../arm-none-eabi/lib/thumb/v6-m/libcr_c.a(alloc.o)
                0x0000000000002530                malloc
 .text.free     0x00000000000025fc       0x2c /home/local/mcuxpressoide-10.2.1_795/ide/tools/bin/../lib/gcc/arm-none-eabi/7.2.1/../../../../arm-none-eabi/lib/thumb/v6-m/libcr_c.a(alloc.o)
                0x00000000000025fc                free
 .text._Csys_alloc
                0x0000000000002628       0x20 /home/local/mcuxpressoide-10.2.1_795/ide/tools/bin/../lib/gcc/arm-none-eabi/7.2.1/../../../../arm-none-eabi/lib/thumb/v6-m/libcr_c.a(alloc.o)
                0x0000000000002628                _Csys_alloc
 .text.fclose   0x0000000000002648       0x5c /home/local/mcuxpressoide-10.2.1_795/ide/tools/bin/../lib/gcc/arm-none-eabi/7.2.1/../../../../arm-none-eabi/lib/thumb/v6-m/libcr_c.a(fclose.o)
                0x0000000000002648                fclose
 .text.fflush   0x00000000000026a4       0x44 /home/local/mcuxpressoide-10.2.1_795/ide/tools/bin/../lib/gcc/arm-none-eabi/7.2.1/../../../../arm-none-eabi/lib/thumb/v6-m/libcr_c.a(fflush.o)
                0x00000000000026a4                fflush
 .text.fseek    0x00000000000026e8       0xf0 /home/local/mcuxpressoide-10.2.1_795/ide/tools/bin/../lib/gcc/arm-none-eabi/7.2.1/../../../../arm-none-eabi/lib/thumb/v6-m/libcr_c.a(fseek.o)
                0x00000000000026e8                fseek
 .text.ftell    0x00000000000027d8       0x48 /home/local/mcuxpressoide-10.2.1_795/ide/tools/bin/../lib/gcc/arm-none-eabi/7.2.1/../../../../arm-none-eabi/lib/thumb/v6-m/libcr_c.a(ftell.o)
                0x00000000000027d8                ftell
 .text.remove   0x0000000000002820       0x12 /home/local/mcuxpressoide-10.2.1_795/ide/tools/bin/../lib/gcc/arm-none-eabi/7.2.1/../../../../arm-none-eabi/lib/thumb/v6-m/libcr_c.a(remove.o)
                0x0000000000002820                remove
 *fill*         0x0000000000002832        0x2 ff
 .text._sbrk    0x0000000000002834       0x40 /home/local/mcuxpressoide-10.2.1_795/ide/tools/bin/../lib/gcc/arm-none-eabi/7.2.1/../../../../arm-none-eabi/lib/thumb/v6-m/libcr_c.a(_cr_sbrk.o)
                0x0000000000002834                _sbrk
 .text._do_fflush
                0x0000000000002874       0x44 /home/local/mcuxpressoide-10.2.1_795/ide/tools/bin/../lib/gcc/arm-none-eabi/7.2.1/../../../../arm-none-eabi/lib/thumb/v6-m/libcr_c.a(_do_fflush.o)
                0x0000000000002874                _do_fflush
 .text.__check_heap_overflow
                0x00000000000028b8       0x14 /home/local/mcuxpressoide-10.2.1_795/ide/tools/bin/../lib/gcc/arm-none-eabi/7.2.1/../../../../arm-none-eabi/lib/thumb/v6-m/libcr_c.a(_cr_check_heap.o)
                0x00000000000028b8                __check_heap_overflow
 .text.__aeabi_dmul
                0x00000000000028cc      0x184 /home/local/mcuxpressoide-10.2.1_795/ide/tools/bin/../lib/gcc/arm-none-eabi/7.2.1/thumb/v6-m/libcr_eabihelpers.a(double.o)
                0x00000000000028cc                __aeabi_dmul
 .text.__aeabi_ddiv
                0x0000000000002a50      0x148 /home/local/mcuxpressoide-10.2.1_795/ide/tools/bin/../lib/gcc/arm-none-eabi/7.2.1/thumb/v6-m/libcr_eabihelpers.a(double.o)
                0x0000000000002a50                __aeabi_ddiv
 .text.__aeabi_dsub
                0x0000000000002b98      0x1bc /home/local/mcuxpressoide-10.2.1_795/ide/tools/bin/../lib/gcc/arm-none-eabi/7.2.1/thumb/v6-m/libcr_eabihelpers.a(double.o)
                0x0000000000002b98                __aeabi_dsub
 .text.__aeabi_dadd
                0x0000000000002d54      0x128 /home/local/mcuxpressoide-10.2.1_795/ide/tools/bin/../lib/gcc/arm-none-eabi/7.2.1/thumb/v6-m/libcr_eabihelpers.a(double.o)
                0x0000000000002d54                __aeabi_dadd
 .text.__aeabi_d2iz
                0x0000000000002e7c       0x44 /home/local/mcuxpressoide-10.2.1_795/ide/tools/bin/../lib/gcc/arm-none-eabi/7.2.1/thumb/v6-m/libcr_eabihelpers.a(double.o)
                0x0000000000002e7c                __aeabi_d2iz
 .text.__bhs_ui2d
                0x0000000000002ec0       0x5e /home/local/mcuxpressoide-10.2.1_795/ide/tools/bin/../lib/gcc/arm-none-eabi/7.2.1/thumb/v6-m/libcr_eabihelpers.a(double.o)
                0x0000000000002ec0                __bhs_ui2d
 .text.__aeabi_i2d
                0x0000000000002f1e       0x18 /home/local/mcuxpressoide-10.2.1_795/ide/tools/bin/../lib/gcc/arm-none-eabi/7.2.1/thumb/v6-m/libcr_eabihelpers.a(double.o)
                0x0000000000002f1e                __aeabi_i2d
 *fill*         0x0000000000002f36        0x2 ff
 .text.__aeabi_dcmpeq
                0x0000000000002f38       0x30 /home/local/mcuxpressoide-10.2.1_795/ide/tools/bin/../lib/gcc/arm-none-eabi/7.2.1/thumb/v6-m/libcr_eabihelpers.a(double.o)
                0x0000000000002f38                __aeabi_dcmpeq
 .text.__aeabi_dcmplt
                0x0000000000002f68       0x5c /home/local/mcuxpressoide-10.2.1_795/ide/tools/bin/../lib/gcc/arm-none-eabi/7.2.1/thumb/v6-m/libcr_eabihelpers.a(double.o)
                0x0000000000002f68                __aeabi_dcmplt
 .text.__aeabi_dcmple
                0x0000000000002fc4       0x5c /home/local/mcuxpressoide-10.2.1_795/ide/tools/bin/../lib/gcc/arm-none-eabi/7.2.1/thumb/v6-m/libcr_eabihelpers.a(double.o)
                0x0000000000002fc4                __aeabi_dcmple
 .text.__aeabi_dcmpge
                0x0000000000003020       0x60 /home/local/mcuxpressoide-10.2.1_795/ide/tools/bin/../lib/gcc/arm-none-eabi/7.2.1/thumb/v6-m/libcr_eabihelpers.a(double.o)
                0x0000000000003020                __aeabi_dcmpge
 .text.__aeabi_llong_lmul
                0x0000000000003080       0x2e /home/local/mcuxpressoide-10.2.1_795/ide/tools/bin/../lib/gcc/arm-none-eabi/7.2.1/thumb/v6-m/libcr_eabihelpers.a(llong.o)
                0x0000000000003080                __aeabi_lmul
 .text.__aeabi_memset_lowlevel
                0x00000000000030ae       0x2a /home/local/mcuxpressoide-10.2.1_795/ide/tools/bin/../lib/gcc/arm-none-eabi/7.2.1/thumb/v6-m/libcr_eabihelpers.a(memcpy.o)
                0x00000000000030ae                __aeabi_lowlevel_memset
 .text.__sys_appexit
                0x00000000000030d8        0xc /home/local/mcuxpressoide-10.2.1_795/ide/tools/bin/../lib/gcc/arm-none-eabi/7.2.1/../../../../arm-none-eabi/lib/thumb/v6-m/libcr_semihost.a(__sys_appexit.o)
                0x00000000000030d8                __exit
                0x00000000000030d8                __sys_appexit
 .text.__sys_close
                0x00000000000030e4        0xc /home/local/mcuxpressoide-10.2.1_795/ide/tools/bin/../lib/gcc/arm-none-eabi/7.2.1/../../../../arm-none-eabi/lib/thumb/v6-m/libcr_semihost.a(__sys_close.o)
                0x00000000000030e4                __sys_close
 .text.__sys_flen
                0x00000000000030f0        0xc /home/local/mcuxpressoide-10.2.1_795/ide/tools/bin/../lib/gcc/arm-none-eabi/7.2.1/../../../../arm-none-eabi/lib/thumb/v6-m/libcr_semihost.a(__sys_flen.o)
                0x00000000000030f0                __sys_flen
 .text.__sys_istty
                0x00000000000030fc        0xc /home/local/mcuxpressoide-10.2.1_795/ide/tools/bin/../lib/gcc/arm-none-eabi/7.2.1/../../../../arm-none-eabi/lib/thumb/v6-m/libcr_semihost.a(__sys_istty.o)
                0x00000000000030fc                __sys_istty
 .text.__sys_remove
                0x0000000000003108        0xc /home/local/mcuxpressoide-10.2.1_795/ide/tools/bin/../lib/gcc/arm-none-eabi/7.2.1/../../../../arm-none-eabi/lib/thumb/v6-m/libcr_semihost.a(__sys_remove.o)
                0x0000000000003108                __sys_remove
 .text.__sys_seek
                0x0000000000003114        0xc /home/local/mcuxpressoide-10.2.1_795/ide/tools/bin/../lib/gcc/arm-none-eabi/7.2.1/../../../../arm-none-eabi/lib/thumb/v6-m/libcr_semihost.a(__sys_seek.o)
                0x0000000000003114                __sys_seek
 .text.__sys_tmpnam
                0x0000000000003120        0xc /home/local/mcuxpressoide-10.2.1_795/ide/tools/bin/../lib/gcc/arm-none-eabi/7.2.1/../../../../arm-none-eabi/lib/thumb/v6-m/libcr_semihost.a(__sys_tmpnam.o)
                0x0000000000003120                __sys_tmpnam
 .text.__sys_write
                0x000000000000312c        0xc /home/local/mcuxpressoide-10.2.1_795/ide/tools/bin/../lib/gcc/arm-none-eabi/7.2.1/../../../../arm-none-eabi/lib/thumb/v6-m/libcr_semihost.a(__sys_write.o)
                0x000000000000312c                __sys_write
 *(.rodata .rodata.* .constdata .constdata.*)
 .rodata        0x0000000000003138       0x31 ./src/base_TP3.o
 .rodata.fp_display.str1.1
                0x0000000000003169       0x34 /home/local/mcuxpressoide-10.2.1_795/ide/tools/bin/../lib/gcc/arm-none-eabi/7.2.1/../../../../arm-none-eabi/lib/thumb/v6-m/libcr_c.a(fpprintf.o)
                                         0x35 (size before relaxing)
 .rodata._initio.str1.1
                0x000000000000319d        0x4 /home/local/mcuxpressoide-10.2.1_795/ide/tools/bin/../lib/gcc/arm-none-eabi/7.2.1/../../../../arm-none-eabi/lib/thumb/v6-m/libcr_c.a(initio.o)
 .rodata.__vfprintf.str1.1
                0x00000000000031a1       0x31 /home/local/mcuxpressoide-10.2.1_795/ide/tools/bin/../lib/gcc/arm-none-eabi/7.2.1/../../../../arm-none-eabi/lib/thumb/v6-m/libcr_c.a(printf.o)
                                         0x38 (size before relaxing)
 .rodata._Csys_alloc.str1.1
                0x00000000000031d2       0x18 /home/local/mcuxpressoide-10.2.1_795/ide/tools/bin/../lib/gcc/arm-none-eabi/7.2.1/../../../../arm-none-eabi/lib/thumb/v6-m/libcr_c.a(alloc.o)
 *fill*         0x00000000000031ea        0x6 ff
 .rodata.__huge_vall
                0x00000000000031f0        0x8 /home/local/mcuxpressoide-10.2.1_795/ide/tools/bin/../lib/gcc/arm-none-eabi/7.2.1/../../../../arm-none-eabi/lib/thumb/v6-m/libcr_c.a(_hugeval.o)
                0x00000000000031f0                __huge_vall
 .rodata.__num_Ciob_streams
                0x00000000000031f8        0x4 /home/local/mcuxpressoide-10.2.1_795/ide/tools/bin/../lib/gcc/arm-none-eabi/7.2.1/../../../../arm-none-eabi/lib/thumb/v6-m/libcr_semihost.a(__ciob.o)
                0x00000000000031f8                __num_Ciob_streams
                0x00000000000031fc                . = ALIGN (0x4)

.glue_7         0x00000000000031fc        0x0
 .glue_7        0x00000000000031fc        0x0 linker stubs

.glue_7t        0x00000000000031fc        0x0
 .glue_7t       0x00000000000031fc        0x0 linker stubs

.vfp11_veneer   0x00000000000031fc        0x0
 .vfp11_veneer  0x00000000000031fc        0x0 linker stubs

.v4_bx          0x00000000000031fc        0x0
 .v4_bx         0x00000000000031fc        0x0 linker stubs

.iplt           0x00000000000031fc        0x0
 .iplt          0x00000000000031fc        0x0 ./src/aeabi_romdiv_patch.o

.rel.dyn        0x00000000000031fc        0x0
 .rel.iplt      0x00000000000031fc        0x0 ./src/aeabi_romdiv_patch.o

.ARM.extab
 *(.ARM.extab* .gnu.linkonce.armextab.*)
                0x00000000000031fc                __exidx_start = .

.ARM.exidx
 *(.ARM.exidx* .gnu.linkonce.armexidx.*)
                0x00000000000031fc                __exidx_end = .
                0x00000000000031fc                _etext = .

.uninit_RESERVED
                0x0000000010000000        0x0
 *(.bss.$RESERVED*)
                0x0000000010000000                . = ALIGN (0x4)
                0x0000000010000000                _end_uninit_RESERVED = .

.data           0x0000000010000000        0x0 load address 0x00000000000031fc
 FILL mask 0xff
                0x0000000010000000                _data = .
 *(vtable)
 *(.ramfunc*)
 *(.data*)
                0x0000000010000000                . = ALIGN (0x4)
                0x0000000010000000                _edata = .

.igot.plt       0x0000000010000000        0x0 load address 0x00000000000031fc
 .igot.plt      0x0000000010000000        0x0 ./src/aeabi_romdiv_patch.o

.bss            0x0000000010000000      0x1f4 load address 0x00000000000031fc
                0x0000000010000000                _bss = .
 *(.bss*)
 .bss.pDivRom_idiv
                0x0000000010000000        0x4 ./src/cr_startup_lpc80x.o
                0x0000000010000000                pDivRom_idiv
 .bss.pDivRom_uidiv
                0x0000000010000004        0x4 ./src/cr_startup_lpc80x.o
                0x0000000010000004                pDivRom_uidiv
 .bss.errno     0x0000000010000008        0x4 /home/local/mcuxpressoide-10.2.1_795/ide/tools/bin/../lib/gcc/arm-none-eabi/7.2.1/../../../../arm-none-eabi/lib/thumb/v6-m/libcr_c.a(errno.o)
                0x0000000010000008                errno
 .bss.__end_of_heap
                0x000000001000000c        0x4 /home/local/mcuxpressoide-10.2.1_795/ide/tools/bin/../lib/gcc/arm-none-eabi/7.2.1/../../../../arm-none-eabi/lib/thumb/v6-m/libcr_c.a(__init_alloc.o)
                0x000000001000000c                __end_of_heap
 .bss.__heaps   0x0000000010000010        0x4 /home/local/mcuxpressoide-10.2.1_795/ide/tools/bin/../lib/gcc/arm-none-eabi/7.2.1/../../../../arm-none-eabi/lib/thumb/v6-m/libcr_c.a(__init_alloc.o)
                0x0000000010000010                __heaps
 .bss.__Ciob    0x0000000010000014      0x1e0 /home/local/mcuxpressoide-10.2.1_795/ide/tools/bin/../lib/gcc/arm-none-eabi/7.2.1/../../../../arm-none-eabi/lib/thumb/v6-m/libcr_semihost.a(__ciob.o)
                0x0000000010000014                __Ciob
 *(COMMON)
                0x00000000100001f4                . = ALIGN (0x4)
                0x00000000100001f4                _ebss = .
                [!provide]                        PROVIDE (end, .)

.noinit         0x00000000100001f4        0x0 load address 0x00000000000031fc
                0x00000000100001f4                _noinit = .
 *(.noinit*)
                0x00000000100001f4                . = ALIGN (0x4)
                0x00000000100001f4                _end_noinit = .
                0x00000000100001f4                PROVIDE (_pvHeapStart, DEFINED (__user_heap_base)?__user_heap_base:.)
                0x0000000010001000                PROVIDE (_vStackTop, DEFINED (__user_stack_top)?__user_stack_top:(__top_RamLoc4 - 0x0))
                0xffffffffefffec3f                PROVIDE (__valid_user_code_checksum, (0x0 - (((_vStackTop + (ResetISR + 0x1)) + (DEFINED (NMI_Handler)?NMI_Handler:M0_NMI_Handler + 0x1)) + (DEFINED (HardFault_Handler)?HardFault_Handler:M0_HardFault_Handler + 0x1))))
                0x0000000000000000                _image_start = LOADADDR (.text)
                0x00000000000031fc                _image_end = (LOADADDR (.data) + SIZEOF (.data))
                0x00000000000031fc                _image_size = (_image_end - _image_start)
OUTPUT(base_TP3.axf elf32-littlearm)

.ARM.attributes
                0x0000000000000000       0x2d
 .ARM.attributes
                0x0000000000000000       0x21 ./src/aeabi_romdiv_patch.o
 .ARM.attributes
                0x0000000000000021       0x31 ./src/base_TP3.o
 .ARM.attributes
                0x0000000000000052       0x31 ./src/cr_startup_lpc80x.o
 .ARM.attributes
                0x0000000000000083       0x31 ./src/crp.o
 .ARM.attributes
                0x00000000000000b4       0x31 ./src/lib_UE441_lcd.o
 .ARM.attributes
                0x00000000000000e5       0x31 /home/varoqui/Documents/MCUXpresso_10.2.1_795/workspace/peripherals_lib/flash/libperipherals_lib.a(i2c.o)
 .ARM.attributes
                0x0000000000000116       0x31 /home/local/mcuxpressoide-10.2.1_795/ide/tools/bin/../lib/gcc/arm-none-eabi/7.2.1/../../../../arm-none-eabi/lib/thumb/v6-m/libcr_semihost.a(_cr__main.o)
 .ARM.attributes
                0x0000000000000147       0x31 /home/local/mcuxpressoide-10.2.1_795/ide/tools/bin/../lib/gcc/arm-none-eabi/7.2.1/../../../../arm-none-eabi/lib/thumb/v6-m/libcr_c.a(fpprintf.o)
 .ARM.attributes
                0x0000000000000178       0x31 /home/local/mcuxpressoide-10.2.1_795/ide/tools/bin/../lib/gcc/arm-none-eabi/7.2.1/../../../../arm-none-eabi/lib/thumb/v6-m/libcr_c.a(initio.o)
 .ARM.attributes
                0x00000000000001a9       0x31 /home/local/mcuxpressoide-10.2.1_795/ide/tools/bin/../lib/gcc/arm-none-eabi/7.2.1/../../../../arm-none-eabi/lib/thumb/v6-m/libcr_c.a(printf.o)
 .ARM.attributes
                0x00000000000001da       0x31 /home/local/mcuxpressoide-10.2.1_795/ide/tools/bin/../lib/gcc/arm-none-eabi/7.2.1/../../../../arm-none-eabi/lib/thumb/v6-m/libcr_c.a(setvbuf.o)
 .ARM.attributes
                0x000000000000020b       0x31 /home/local/mcuxpressoide-10.2.1_795/ide/tools/bin/../lib/gcc/arm-none-eabi/7.2.1/../../../../arm-none-eabi/lib/thumb/v6-m/libcr_c.a(strlen.o)
 .ARM.attributes
                0x000000000000023c       0x31 /home/local/mcuxpressoide-10.2.1_795/ide/tools/bin/../lib/gcc/arm-none-eabi/7.2.1/../../../../arm-none-eabi/lib/thumb/v6-m/libcr_c.a(memset.o)
 .ARM.attributes
                0x000000000000026d       0x31 /home/local/mcuxpressoide-10.2.1_795/ide/tools/bin/../lib/gcc/arm-none-eabi/7.2.1/../../../../arm-none-eabi/lib/thumb/v6-m/libcr_c.a(_deferredlazyseek.o)
 .ARM.attributes
                0x000000000000029e       0x31 /home/local/mcuxpressoide-10.2.1_795/ide/tools/bin/../lib/gcc/arm-none-eabi/7.2.1/../../../../arm-none-eabi/lib/thumb/v6-m/libcr_c.a(_fdopen.o)
 .ARM.attributes
                0x00000000000002cf       0x31 /home/local/mcuxpressoide-10.2.1_795/ide/tools/bin/../lib/gcc/arm-none-eabi/7.2.1/../../../../arm-none-eabi/lib/thumb/v6-m/libcr_c.a(_fflush.o)
 .ARM.attributes
                0x0000000000000300       0x31 /home/local/mcuxpressoide-10.2.1_795/ide/tools/bin/../lib/gcc/arm-none-eabi/7.2.1/../../../../arm-none-eabi/lib/thumb/v6-m/libcr_c.a(_frexpl.o)
 .ARM.attributes
                0x0000000000000331       0x31 /home/local/mcuxpressoide-10.2.1_795/ide/tools/bin/../lib/gcc/arm-none-eabi/7.2.1/../../../../arm-none-eabi/lib/thumb/v6-m/libcr_c.a(_ldexpl.o)
 .ARM.attributes
                0x0000000000000362       0x31 /home/local/mcuxpressoide-10.2.1_795/ide/tools/bin/../lib/gcc/arm-none-eabi/7.2.1/../../../../arm-none-eabi/lib/thumb/v6-m/libcr_c.a(_writebuf.o)
 .ARM.attributes
                0x0000000000000393       0x31 /home/local/mcuxpressoide-10.2.1_795/ide/tools/bin/../lib/gcc/arm-none-eabi/7.2.1/../../../../arm-none-eabi/lib/thumb/v6-m/libcr_c.a(alloc.o)
 .ARM.attributes
                0x00000000000003c4       0x31 /home/local/mcuxpressoide-10.2.1_795/ide/tools/bin/../lib/gcc/arm-none-eabi/7.2.1/../../../../arm-none-eabi/lib/thumb/v6-m/libcr_c.a(errno.o)
 .ARM.attributes
                0x00000000000003f5       0x31 /home/local/mcuxpressoide-10.2.1_795/ide/tools/bin/../lib/gcc/arm-none-eabi/7.2.1/../../../../arm-none-eabi/lib/thumb/v6-m/libcr_c.a(fclose.o)
 .ARM.attributes
                0x0000000000000426       0x31 /home/local/mcuxpressoide-10.2.1_795/ide/tools/bin/../lib/gcc/arm-none-eabi/7.2.1/../../../../arm-none-eabi/lib/thumb/v6-m/libcr_c.a(fflush.o)
 .ARM.attributes
                0x0000000000000457       0x31 /home/local/mcuxpressoide-10.2.1_795/ide/tools/bin/../lib/gcc/arm-none-eabi/7.2.1/../../../../arm-none-eabi/lib/thumb/v6-m/libcr_c.a(fseek.o)
 .ARM.attributes
                0x0000000000000488       0x31 /home/local/mcuxpressoide-10.2.1_795/ide/tools/bin/../lib/gcc/arm-none-eabi/7.2.1/../../../../arm-none-eabi/lib/thumb/v6-m/libcr_c.a(ftell.o)
 .ARM.attributes
                0x00000000000004b9       0x31 /home/local/mcuxpressoide-10.2.1_795/ide/tools/bin/../lib/gcc/arm-none-eabi/7.2.1/../../../../arm-none-eabi/lib/thumb/v6-m/libcr_c.a(remove.o)
 .ARM.attributes
                0x00000000000004ea       0x31 /home/local/mcuxpressoide-10.2.1_795/ide/tools/bin/../lib/gcc/arm-none-eabi/7.2.1/../../../../arm-none-eabi/lib/thumb/v6-m/libcr_c.a(__init_alloc.o)
 .ARM.attributes
                0x000000000000051b       0x31 /home/local/mcuxpressoide-10.2.1_795/ide/tools/bin/../lib/gcc/arm-none-eabi/7.2.1/../../../../arm-none-eabi/lib/thumb/v6-m/libcr_c.a(_cr_sbrk.o)
 .ARM.attributes
                0x000000000000054c       0x31 /home/local/mcuxpressoide-10.2.1_795/ide/tools/bin/../lib/gcc/arm-none-eabi/7.2.1/../../../../arm-none-eabi/lib/thumb/v6-m/libcr_c.a(_do_fflush.o)
 .ARM.attributes
                0x000000000000057d       0x31 /home/local/mcuxpressoide-10.2.1_795/ide/tools/bin/../lib/gcc/arm-none-eabi/7.2.1/../../../../arm-none-eabi/lib/thumb/v6-m/libcr_c.a(_hugeval.o)
 .ARM.attributes
                0x00000000000005ae       0x31 /home/local/mcuxpressoide-10.2.1_795/ide/tools/bin/../lib/gcc/arm-none-eabi/7.2.1/../../../../arm-none-eabi/lib/thumb/v6-m/libcr_c.a(_cr_check_heap.o)
 .ARM.attributes
                0x00000000000005df       0x31 /home/local/mcuxpressoide-10.2.1_795/ide/tools/bin/../lib/gcc/arm-none-eabi/7.2.1/thumb/v6-m/libcr_eabihelpers.a(double.o)
 .ARM.attributes
                0x0000000000000610       0x21 /home/local/mcuxpressoide-10.2.1_795/ide/tools/bin/../lib/gcc/arm-none-eabi/7.2.1/thumb/v6-m/libcr_eabihelpers.a(llong.o)
 .ARM.attributes
                0x0000000000000631       0x21 /home/local/mcuxpressoide-10.2.1_795/ide/tools/bin/../lib/gcc/arm-none-eabi/7.2.1/thumb/v6-m/libcr_eabihelpers.a(memcpy.o)
 .ARM.attributes
                0x0000000000000652       0x31 /home/local/mcuxpressoide-10.2.1_795/ide/tools/bin/../lib/gcc/arm-none-eabi/7.2.1/../../../../arm-none-eabi/lib/thumb/v6-m/libcr_semihost.a(__ciob.o)
 .ARM.attributes
                0x0000000000000683       0x21 /home/local/mcuxpressoide-10.2.1_795/ide/tools/bin/../lib/gcc/arm-none-eabi/7.2.1/../../../../arm-none-eabi/lib/thumb/v6-m/libcr_semihost.a(__sys_appexit.o)
 .ARM.attributes
                0x00000000000006a4       0x21 /home/local/mcuxpressoide-10.2.1_795/ide/tools/bin/../lib/gcc/arm-none-eabi/7.2.1/../../../../arm-none-eabi/lib/thumb/v6-m/libcr_semihost.a(__sys_close.o)
 .ARM.attributes
                0x00000000000006c5       0x21 /home/local/mcuxpressoide-10.2.1_795/ide/tools/bin/../lib/gcc/arm-none-eabi/7.2.1/../../../../arm-none-eabi/lib/thumb/v6-m/libcr_semihost.a(__sys_flen.o)
 .ARM.attributes
                0x00000000000006e6       0x21 /home/local/mcuxpressoide-10.2.1_795/ide/tools/bin/../lib/gcc/arm-none-eabi/7.2.1/../../../../arm-none-eabi/lib/thumb/v6-m/libcr_semihost.a(__sys_istty.o)
 .ARM.attributes
                0x0000000000000707       0x21 /home/local/mcuxpressoide-10.2.1_795/ide/tools/bin/../lib/gcc/arm-none-eabi/7.2.1/../../../../arm-none-eabi/lib/thumb/v6-m/libcr_semihost.a(__sys_remove.o)
 .ARM.attributes
                0x0000000000000728       0x21 /home/local/mcuxpressoide-10.2.1_795/ide/tools/bin/../lib/gcc/arm-none-eabi/7.2.1/../../../../arm-none-eabi/lib/thumb/v6-m/libcr_semihost.a(__sys_seek.o)
 .ARM.attributes
                0x0000000000000749       0x21 /home/local/mcuxpressoide-10.2.1_795/ide/tools/bin/../lib/gcc/arm-none-eabi/7.2.1/../../../../arm-none-eabi/lib/thumb/v6-m/libcr_semihost.a(__sys_tmpnam.o)
 .ARM.attributes
                0x000000000000076a       0x21 /home/local/mcuxpressoide-10.2.1_795/ide/tools/bin/../lib/gcc/arm-none-eabi/7.2.1/../../../../arm-none-eabi/lib/thumb/v6-m/libcr_semihost.a(__sys_write.o)

.comment        0x0000000000000000       0x7e
 .comment       0x0000000000000000       0x7e ./src/base_TP3.o
                                         0x7f (size before relaxing)
 .comment       0x000000000000007e       0x7f ./src/cr_startup_lpc80x.o
 .comment       0x000000000000007e       0x7f ./src/crp.o
 .comment       0x000000000000007e       0x7f ./src/lib_UE441_lcd.o
 .comment       0x000000000000007e       0x7f /home/varoqui/Documents/MCUXpresso_10.2.1_795/workspace/peripherals_lib/flash/libperipherals_lib.a(i2c.o)
 .comment       0x000000000000007e       0x7f /home/local/mcuxpressoide-10.2.1_795/ide/tools/bin/../lib/gcc/arm-none-eabi/7.2.1/../../../../arm-none-eabi/lib/thumb/v6-m/libcr_semihost.a(_cr__main.o)
 .comment       0x000000000000007e       0x7f /home/local/mcuxpressoide-10.2.1_795/ide/tools/bin/../lib/gcc/arm-none-eabi/7.2.1/../../../../arm-none-eabi/lib/thumb/v6-m/libcr_c.a(fpprintf.o)
 .comment       0x000000000000007e       0x7f /home/local/mcuxpressoide-10.2.1_795/ide/tools/bin/../lib/gcc/arm-none-eabi/7.2.1/../../../../arm-none-eabi/lib/thumb/v6-m/libcr_c.a(initio.o)
 .comment       0x000000000000007e       0x7f /home/local/mcuxpressoide-10.2.1_795/ide/tools/bin/../lib/gcc/arm-none-eabi/7.2.1/../../../../arm-none-eabi/lib/thumb/v6-m/libcr_c.a(printf.o)
 .comment       0x000000000000007e       0x7f /home/local/mcuxpressoide-10.2.1_795/ide/tools/bin/../lib/gcc/arm-none-eabi/7.2.1/../../../../arm-none-eabi/lib/thumb/v6-m/libcr_c.a(setvbuf.o)
 .comment       0x000000000000007e       0x7f /home/local/mcuxpressoide-10.2.1_795/ide/tools/bin/../lib/gcc/arm-none-eabi/7.2.1/../../../../arm-none-eabi/lib/thumb/v6-m/libcr_c.a(strlen.o)
 .comment       0x000000000000007e       0x7f /home/local/mcuxpressoide-10.2.1_795/ide/tools/bin/../lib/gcc/arm-none-eabi/7.2.1/../../../../arm-none-eabi/lib/thumb/v6-m/libcr_c.a(memset.o)
 .comment       0x000000000000007e       0x7f /home/local/mcuxpressoide-10.2.1_795/ide/tools/bin/../lib/gcc/arm-none-eabi/7.2.1/../../../../arm-none-eabi/lib/thumb/v6-m/libcr_c.a(_deferredlazyseek.o)
 .comment       0x000000000000007e       0x7f /home/local/mcuxpressoide-10.2.1_795/ide/tools/bin/../lib/gcc/arm-none-eabi/7.2.1/../../../../arm-none-eabi/lib/thumb/v6-m/libcr_c.a(_fdopen.o)
 .comment       0x000000000000007e       0x7f /home/local/mcuxpressoide-10.2.1_795/ide/tools/bin/../lib/gcc/arm-none-eabi/7.2.1/../../../../arm-none-eabi/lib/thumb/v6-m/libcr_c.a(_fflush.o)
 .comment       0x000000000000007e       0x7f /home/local/mcuxpressoide-10.2.1_795/ide/tools/bin/../lib/gcc/arm-none-eabi/7.2.1/../../../../arm-none-eabi/lib/thumb/v6-m/libcr_c.a(_frexpl.o)
 .comment       0x000000000000007e       0x7f /home/local/mcuxpressoide-10.2.1_795/ide/tools/bin/../lib/gcc/arm-none-eabi/7.2.1/../../../../arm-none-eabi/lib/thumb/v6-m/libcr_c.a(_ldexpl.o)
 .comment       0x000000000000007e       0x7f /home/local/mcuxpressoide-10.2.1_795/ide/tools/bin/../lib/gcc/arm-none-eabi/7.2.1/../../../../arm-none-eabi/lib/thumb/v6-m/libcr_c.a(_writebuf.o)
 .comment       0x000000000000007e       0x7f /home/local/mcuxpressoide-10.2.1_795/ide/tools/bin/../lib/gcc/arm-none-eabi/7.2.1/../../../../arm-none-eabi/lib/thumb/v6-m/libcr_c.a(alloc.o)
 .comment       0x000000000000007e       0x7f /home/local/mcuxpressoide-10.2.1_795/ide/tools/bin/../lib/gcc/arm-none-eabi/7.2.1/../../../../arm-none-eabi/lib/thumb/v6-m/libcr_c.a(errno.o)
 .comment       0x000000000000007e       0x7f /home/local/mcuxpressoide-10.2.1_795/ide/tools/bin/../lib/gcc/arm-none-eabi/7.2.1/../../../../arm-none-eabi/lib/thumb/v6-m/libcr_c.a(fclose.o)
 .comment       0x000000000000007e       0x7f /home/local/mcuxpressoide-10.2.1_795/ide/tools/bin/../lib/gcc/arm-none-eabi/7.2.1/../../../../arm-none-eabi/lib/thumb/v6-m/libcr_c.a(fflush.o)
 .comment       0x000000000000007e       0x7f /home/local/mcuxpressoide-10.2.1_795/ide/tools/bin/../lib/gcc/arm-none-eabi/7.2.1/../../../../arm-none-eabi/lib/thumb/v6-m/libcr_c.a(fseek.o)
 .comment       0x000000000000007e       0x7f /home/local/mcuxpressoide-10.2.1_795/ide/tools/bin/../lib/gcc/arm-none-eabi/7.2.1/../../../../arm-none-eabi/lib/thumb/v6-m/libcr_c.a(ftell.o)
 .comment       0x000000000000007e       0x7f /home/local/mcuxpressoide-10.2.1_795/ide/tools/bin/../lib/gcc/arm-none-eabi/7.2.1/../../../../arm-none-eabi/lib/thumb/v6-m/libcr_c.a(remove.o)
 .comment       0x000000000000007e       0x7f /home/local/mcuxpressoide-10.2.1_795/ide/tools/bin/../lib/gcc/arm-none-eabi/7.2.1/../../../../arm-none-eabi/lib/thumb/v6-m/libcr_c.a(__init_alloc.o)
 .comment       0x000000000000007e       0x7f /home/local/mcuxpressoide-10.2.1_795/ide/tools/bin/../lib/gcc/arm-none-eabi/7.2.1/../../../../arm-none-eabi/lib/thumb/v6-m/libcr_c.a(_cr_sbrk.o)
 .comment       0x000000000000007e       0x7f /home/local/mcuxpressoide-10.2.1_795/ide/tools/bin/../lib/gcc/arm-none-eabi/7.2.1/../../../../arm-none-eabi/lib/thumb/v6-m/libcr_c.a(_do_fflush.o)
 .comment       0x000000000000007e       0x7f /home/local/mcuxpressoide-10.2.1_795/ide/tools/bin/../lib/gcc/arm-none-eabi/7.2.1/../../../../arm-none-eabi/lib/thumb/v6-m/libcr_c.a(_hugeval.o)
 .comment       0x000000000000007e       0x7f /home/local/mcuxpressoide-10.2.1_795/ide/tools/bin/../lib/gcc/arm-none-eabi/7.2.1/../../../../arm-none-eabi/lib/thumb/v6-m/libcr_c.a(_cr_check_heap.o)
 .comment       0x000000000000007e       0x7f /home/local/mcuxpressoide-10.2.1_795/ide/tools/bin/../lib/gcc/arm-none-eabi/7.2.1/thumb/v6-m/libcr_eabihelpers.a(double.o)
 .comment       0x000000000000007e       0x7f /home/local/mcuxpressoide-10.2.1_795/ide/tools/bin/../lib/gcc/arm-none-eabi/7.2.1/../../../../arm-none-eabi/lib/thumb/v6-m/libcr_semihost.a(__ciob.o)

.debug_line     0x0000000000000000      0xbdf
 .debug_line    0x0000000000000000       0x65 ./src/aeabi_romdiv_patch.o
 .debug_line    0x0000000000000065      0x35a ./src/base_TP3.o
 .debug_line    0x00000000000003bf       0x9e ./src/cr_startup_lpc80x.o
 .debug_line    0x000000000000045d       0x7a ./src/crp.o
 .debug_line    0x00000000000004d7      0x404 ./src/lib_UE441_lcd.o
 .debug_line    0x00000000000008db      0x304 /home/varoqui/Documents/MCUXpresso_10.2.1_795/workspace/peripherals_lib/flash/libperipherals_lib.a(i2c.o)

.debug_info     0x0000000000000000     0x20cf
 .debug_info    0x0000000000000000       0x22 ./src/aeabi_romdiv_patch.o
 .debug_info    0x0000000000000022      0xe26 ./src/base_TP3.o
 .debug_info    0x0000000000000e48      0x21d ./src/cr_startup_lpc80x.o
 .debug_info    0x0000000000001065       0x3f ./src/crp.o
 .debug_info    0x00000000000010a4      0xca0 ./src/lib_UE441_lcd.o
 .debug_info    0x0000000000001d44      0x38b /home/varoqui/Documents/MCUXpresso_10.2.1_795/workspace/peripherals_lib/flash/libperipherals_lib.a(i2c.o)

.debug_abbrev   0x0000000000000000      0x721
 .debug_abbrev  0x0000000000000000       0x12 ./src/aeabi_romdiv_patch.o
 .debug_abbrev  0x0000000000000012      0x22b ./src/base_TP3.o
 .debug_abbrev  0x000000000000023d      0x12e ./src/cr_startup_lpc80x.o
 .debug_abbrev  0x000000000000036b       0x36 ./src/crp.o
 .debug_abbrev  0x00000000000003a1      0x20e ./src/lib_UE441_lcd.o
 .debug_abbrev  0x00000000000005af      0x172 /home/varoqui/Documents/MCUXpresso_10.2.1_795/workspace/peripherals_lib/flash/libperipherals_lib.a(i2c.o)

.debug_aranges  0x0000000000000000      0x140
 .debug_aranges
                0x0000000000000000       0x28 ./src/aeabi_romdiv_patch.o
 .debug_aranges
                0x0000000000000028       0x28 ./src/base_TP3.o
 .debug_aranges
                0x0000000000000050       0x60 ./src/cr_startup_lpc80x.o
 .debug_aranges
                0x00000000000000b0       0x18 ./src/crp.o
 .debug_aranges
                0x00000000000000c8       0x40 ./src/lib_UE441_lcd.o
 .debug_aranges
                0x0000000000000108       0x38 /home/varoqui/Documents/MCUXpresso_10.2.1_795/workspace/peripherals_lib/flash/libperipherals_lib.a(i2c.o)

.debug_str      0x0000000000000000     0x834f
 .debug_str     0x0000000000000000       0x72 ./src/aeabi_romdiv_patch.o
 .debug_str     0x0000000000000072     0x7b89 ./src/base_TP3.o
                                       0x7ca6 (size before relaxing)
 .debug_str     0x0000000000007bfb      0x1f1 ./src/cr_startup_lpc80x.o
                                       0x2e6d (size before relaxing)
 .debug_str     0x0000000000007dec       0xe9 ./src/crp.o
                                       0x2d5f (size before relaxing)
 .debug_str     0x0000000000007ed5      0x2d3 ./src/lib_UE441_lcd.o
                                       0x7519 (size before relaxing)
 .debug_str     0x00000000000081a8      0x1a7 /home/varoqui/Documents/MCUXpresso_10.2.1_795/workspace/peripherals_lib/flash/libperipherals_lib.a(i2c.o)
                                       0x6724 (size before relaxing)

.debug_ranges   0x0000000000000000       0xe0
 .debug_ranges  0x0000000000000000       0x20 ./src/aeabi_romdiv_patch.o
 .debug_ranges  0x0000000000000020       0x18 ./src/base_TP3.o
 .debug_ranges  0x0000000000000038       0x50 ./src/cr_startup_lpc80x.o
 .debug_ranges  0x0000000000000088       0x30 ./src/lib_UE441_lcd.o
 .debug_ranges  0x00000000000000b8       0x28 /home/varoqui/Documents/MCUXpresso_10.2.1_795/workspace/peripherals_lib/flash/libperipherals_lib.a(i2c.o)

.debug_macro    0x0000000000000000     0x3087
 .debug_macro   0x0000000000000000      0x11f ./src/base_TP3.o
 .debug_macro   0x000000000000011f      0xa5a ./src/base_TP3.o
 .debug_macro   0x0000000000000b79       0x82 ./src/base_TP3.o
 .debug_macro   0x0000000000000bfb       0x10 ./src/base_TP3.o
 .debug_macro   0x0000000000000c0b      0x12d ./src/base_TP3.o
 .debug_macro   0x0000000000000d38       0xa0 ./src/base_TP3.o
 .debug_macro   0x0000000000000dd8       0x28 ./src/base_TP3.o
 .debug_macro   0x0000000000000e00       0x3a ./src/base_TP3.o
 .debug_macro   0x0000000000000e3a      0x5b2 ./src/base_TP3.o
 .debug_macro   0x00000000000013ec      0x241 ./src/base_TP3.o
 .debug_macro   0x000000000000162d      0x1a8 ./src/base_TP3.o
 .debug_macro   0x00000000000017d5       0x4c ./src/base_TP3.o
 .debug_macro   0x0000000000001821       0x22 ./src/base_TP3.o
 .debug_macro   0x0000000000001843      0x1dd ./src/base_TP3.o
 .debug_macro   0x0000000000001a20      0x3a2 ./src/base_TP3.o
 .debug_macro   0x0000000000001dc2       0xe8 ./src/base_TP3.o
 .debug_macro   0x0000000000001eaa      0x1ae ./src/base_TP3.o
 .debug_macro   0x0000000000002058       0x1c ./src/base_TP3.o
 .debug_macro   0x0000000000002074       0x29 ./src/cr_startup_lpc80x.o
 .debug_macro   0x000000000000209d       0x1a ./src/crp.o
 .debug_macro   0x00000000000020b7       0x34 ./src/crp.o
 .debug_macro   0x00000000000020eb       0xc5 ./src/lib_UE441_lcd.o
 .debug_macro   0x00000000000021b0      0x39c ./src/lib_UE441_lcd.o
 .debug_macro   0x000000000000254c       0x9b /home/varoqui/Documents/MCUXpresso_10.2.1_795/workspace/peripherals_lib/flash/libperipherals_lib.a(i2c.o)
 .debug_macro   0x00000000000025e7      0xa60 /home/varoqui/Documents/MCUXpresso_10.2.1_795/workspace/peripherals_lib/flash/libperipherals_lib.a(i2c.o)
 .debug_macro   0x0000000000003047       0x40 /home/varoqui/Documents/MCUXpresso_10.2.1_795/workspace/peripherals_lib/flash/libperipherals_lib.a(i2c.o)

.debug_frame    0x0000000000000000      0x23c
 .debug_frame   0x0000000000000000       0x4c ./src/base_TP3.o
 .debug_frame   0x000000000000004c       0xb0 ./src/cr_startup_lpc80x.o
 .debug_frame   0x00000000000000fc       0xb0 ./src/lib_UE441_lcd.o
 .debug_frame   0x00000000000001ac       0x90 /home/varoqui/Documents/MCUXpresso_10.2.1_795/workspace/peripherals_lib/flash/libperipherals_lib.a(i2c.o)
