19:53:23 **** Incremental Build of configuration flash for project orgue ****
make -r -j8 all 
Building file: ../src/orgue.c
Invoking: MCU C Compiler
arm-none-eabi-gcc -DDEBUG -DCR_INTEGER_PRINTF -D__USE_CMSIS -D__CODE_RED -DCORE_M0PLUS -D__MTB_DISABLE -D__MTB_BUFFER_SIZE=256 -D__REDLIB__ -I"C:\Users\paulg\Documents\MCUXpressoIDE_11.4.1_6260\workspace\orgue\inc" -I"C:\Users\paulg\Downloads\bibliotheques_exemples_NXP_pour_LPC804_corriges\peripherals_lib\inc" -I"C:\Users\paulg\Downloads\bibliotheques_exemples_NXP_pour_LPC804_corriges\utilities_lib\inc" -I"C:\Users\paulg\Downloads\bibliotheques_exemples_NXP_pour_LPC804_corriges\common\inc" -O0 -fno-common -g3 -Wall -c -fmessage-length=0 -fno-builtin -ffunction-sections -fdata-sections -fmerge-constants -fmacro-prefix-map="../src/"=. -mcpu=cortex-m0 -mthumb -fstack-usage -specs=redlib.specs -MMD -MP -MF"src/orgue.d" -MT"src/orgue.o" -MT"src/orgue.d" -o "src/orgue.o" "../src/orgue.c"
../src/orgue.c: In function 'main':
../src/orgue.c:27:11: warning: unused variable 'i' [-Wunused-variable]
   27 |  uint32_t i = 0;
      |           ^
Finished building: ../src/orgue.c
 
Building target: orgue.axf
Invoking: MCU Linker
arm-none-eabi-gcc -nostdlib -L"C:\Users\paulg\Downloads\bibliotheques_exemples_NXP_pour_LPC804_corriges\peripherals_lib\flash" -L"C:\Users\paulg\Downloads\bibliotheques_exemples_NXP_pour_LPC804_corriges\utilities_lib\flash" -Xlinker -Map="orgue.map" -Xlinker --gc-sections -Xlinker -print-memory-usage -mcpu=cortex-m0 -mthumb -T "Multi_Timer_Blinky_flash.ld" -o "orgue.axf"  ./src/MCUXpresso_cr_startup.o ./src/MCUXpresso_crp.o ./src/MCUXpresso_mtb.o ./src/lib_ENS_II1_lcd.o ./src/orgue.o ./src/system.o   -lperipherals_lib -lutilities_lib
Memory region         Used Size  Region Size  %age Used
        MFlash32:        9296 B      32640 B     28.48%
         RamLoc4:         492 B         4 KB     12.01%
Finished building target: orgue.axf
 
make --no-print-directory post-build
Performing post-build steps
arm-none-eabi-size "orgue.axf"; # arm-none-eabi-objcopy -v -O binary "orgue.axf" "orgue.bin" ; # checksum -p LPC804 -d "orgue.bin";
   text	   data	    bss	    dec	    hex	filename
   9296	      0	    492	   9788	   263c	orgue.axf
 

19:53:24 Build Finished. 0 errors, 1 warnings. (took 672ms)

