11:05:57 **** Build of configuration flash for project peripherals_lib ****
make -r -j8 all 
Building file: ../src/i2c.c
Invoking: MCU C Compiler
arm-none-eabi-gcc -D__REDLIB__ -D__USE_CMSIS -DDEBUG -D__CODE_RED -DCORE_M0PLUS -DCR_INTEGER_PRINTF -I"C:\Users\paulg\Downloads\bibliotheques_exemples_NXP_pour_LPC804_corriges\peripherals_lib\inc" -I"C:\Users\paulg\Downloads\bibliotheques_exemples_NXP_pour_LPC804_corriges\utilities_lib\inc" -I"C:\Users\paulg\Downloads\bibliotheques_exemples_NXP_pour_LPC804_corriges\common\inc" -O0 -fno-common -g3 -Wall -c -fmessage-length=0 -fno-builtin -ffunction-sections -fdata-sections -fmerge-constants -fmacro-prefix-map="../src/"=. -mcpu=cortex-m0 -mthumb -D__REDLIB__ -fstack-usage -specs=redlib.specs -MMD -MP -MF"src/i2c.d" -MT"src/i2c.o" -MT"src/i2c.d" -o "src/i2c.o" "../src/i2c.c"
Finished building: ../src/i2c.c
 
Building target: libperipherals_lib.a
Invoking: MCU Archiver
arm-none-eabi-ar -r  "libperipherals_lib.a"  ./src/gpio.o ./src/i2c.o ./src/plu.o ./src/spi.o ./src/swm.o ./src/syscon.o   
Finished building target: libperipherals_lib.a
 
make --no-print-directory post-build
Performing post-build steps
arm-none-eabi-size "libperipherals_lib.a" ; # arm-none-eabi-objdump -h -S "libperipherals_lib.a" >"libperipherals_lib.lss"
   text	   data	    bss	    dec	    hex	filename
    278	      0	      0	    278	    116	gpio.o (ex libperipherals_lib.a)
    540	      0	      0	    540	    21c	i2c.o (ex libperipherals_lib.a)
    140	      0	      0	    140	     8c	plu.o (ex libperipherals_lib.a)
    784	      0	      8	    792	    318	spi.o (ex libperipherals_lib.a)
    276	      0	      0	    276	    114	swm.o (ex libperipherals_lib.a)
    332	      0	      0	    332	    14c	syscon.o (ex libperipherals_lib.a)
 

11:05:57 Build Finished. 0 errors, 0 warnings. (took 529ms)

