11:02:23 **** Incremental Build of configuration flash for project TP3 ****
make -r -j8 all 
Building target: TP3.axf
Invoking: MCU Linker
arm-none-eabi-gcc -nostdlib -L"C:\Users\paulg\Downloads\bibliotheques_exemples_NXP_pour_LPC804_corriges\peripherals_lib\flash" -L"C:\Users\paulg\Downloads\bibliotheques_exemples_NXP_pour_LPC804_corriges\utilities_lib\flash" -Xlinker -Map="TP3.map" -Xlinker --gc-sections -Xlinker -print-memory-usage -mcpu=cortex-m0 -mthumb -T "Multi_Timer_Blinky_flash.ld" -o "TP3.axf"  ./src/MCUXpresso_cr_startup.o ./src/MCUXpresso_crp.o ./src/MCUXpresso_mtb.o ./src/chrono.o ./src/lib_ENS_II1_lcd.o ./src/system.o   -lperipherals_lib -lutilities_lib
Memory region         Used Size  Region Size  %age Used
        MFlash32:       12832 B      32640 B     39.31%
         RamLoc4:         492 B         4 KB     12.01%
Finished building target: TP3.axf
 
make --no-print-directory post-build
Performing post-build steps
arm-none-eabi-size "TP3.axf"; # arm-none-eabi-objcopy -v -O binary "TP3.axf" "TP3.bin" ; # checksum -p LPC804 -d "TP3.bin";
   text	   data	    bss	    dec	    hex	filename
  12832	      0	    492	  13324	   340c	TP3.axf
 

11:02:25 Build Finished. 0 errors, 0 warnings. (took 1s.313ms)

