19:50:36 **** Incremental Build of configuration flash for project TP3_timer_chrono ****
make -r -j8 all 
Building file: ../src/chrono.c
Invoking: MCU C Compiler
arm-none-eabi-gcc -DDEBUG -DCR_INTEGER_PRINTF -D__USE_CMSIS -D__CODE_RED -DCORE_M0PLUS -D__MTB_DISABLE -D__MTB_BUFFER_SIZE=256 -D__REDLIB__ -I"C:\Users\paulg\Documents\MCUXpressoIDE_11.4.1_6260\workspace\TP3_timer_chrono\inc" -I"C:\Users\paulg\Downloads\bibliotheques_exemples_NXP_pour_LPC804_corriges\peripherals_lib\inc" -I"C:\Users\paulg\Downloads\bibliotheques_exemples_NXP_pour_LPC804_corriges\utilities_lib\inc" -I"C:\Users\paulg\Downloads\bibliotheques_exemples_NXP_pour_LPC804_corriges\common\inc" -O0 -fno-common -g3 -Wall -c -fmessage-length=0 -fno-builtin -ffunction-sections -fdata-sections -fmerge-constants -fmacro-prefix-map="../src/"=. -mcpu=cortex-m0 -mthumb -fstack-usage -specs=redlib.specs -MMD -MP -MF"src/chrono.d" -MT"src/chrono.o" -MT"src/chrono.d" -o "src/chrono.o" "../src/chrono.c"
Finished building: ../src/chrono.c
 
Building target: TP3_timer_chrono.axf
Invoking: MCU Linker
arm-none-eabi-gcc -nostdlib -L"C:\Users\paulg\Downloads\bibliotheques_exemples_NXP_pour_LPC804_corriges\peripherals_lib\flash" -L"C:\Users\paulg\Downloads\bibliotheques_exemples_NXP_pour_LPC804_corriges\utilities_lib\flash" -Xlinker -Map="TP3_timer_chrono.map" -Xlinker --gc-sections -Xlinker -print-memory-usage -mcpu=cortex-m0 -mthumb -T "Multi_Timer_Blinky_flash.ld" -o "TP3_timer_chrono.axf"  ./src/MCUXpresso_cr_startup.o ./src/MCUXpresso_crp.o ./src/MCUXpresso_mtb.o ./src/chrono.o ./src/lib_ENS_II1_lcd.o ./src/system.o   -lperipherals_lib -lutilities_lib
Memory region         Used Size  Region Size  %age Used
        MFlash32:        8048 B      32640 B     24.66%
         RamLoc4:         492 B         4 KB     12.01%
Finished building target: TP3_timer_chrono.axf
 
make --no-print-directory post-build
Performing post-build steps
arm-none-eabi-size "TP3_timer_chrono.axf"; # arm-none-eabi-objcopy -v -O binary "TP3_timer_chrono.axf" "TP3_timer_chrono.bin" ; # checksum -p LPC804 -d "TP3_timer_chrono.bin";
   text	   data	    bss	    dec	    hex	filename
   8048	      0	    492	   8540	   215c	TP3_timer_chrono.axf
 

19:50:36 Build Finished. 0 errors, 0 warnings. (took 364ms)

